Archive member included to satisfy reference by file (symbol)

c:/program files/microchip/xc8/v2.40/avr/bin/../lib/gcc/avr/5.4.0/avrxmega4/memx-const\libgcc.a(_copy_data.o)
                              build/default/production/mcc_generated_files/device_config.o (__do_copy_data)
c:/program files/microchip/xc8/v2.40/avr/bin/../lib/gcc/avr/5.4.0/../../../../avr/lib/avrxmega4/memx-const\libc.a(exit.o)
                              C:/Program Files/Microchip/MPLABX/v6.05/packs/Microchip/AVR-Dx_DFP/2.2.159/xc8/avr/lib/avrxmega4/memx-const/crtavr128da48.o (exit)
c:/program files/microchip/xc8/v2.40/avr/bin/../lib/gcc/avr/5.4.0/../../../../avr/lib/avrxmega4/memx-const\libc.a(_Exit.o)
                              c:/program files/microchip/xc8/v2.40/avr/bin/../lib/gcc/avr/5.4.0/../../../../avr/lib/avrxmega4/memx-const\libc.a(exit.o) (_Exit)
c:/program files/microchip/xc8/v2.40/avr/bin/../lib/gcc/avr/5.4.0/avrxmega4/memx-const\libgcc.a(_exit.o)
                              c:/program files/microchip/xc8/v2.40/avr/bin/../lib/gcc/avr/5.4.0/../../../../avr/lib/avrxmega4/memx-const\libc.a(_Exit.o) (_exit)

Discarded input sections

 .data          0x0000000000000000        0x0 C:/Program Files/Microchip/MPLABX/v6.05/packs/Microchip/AVR-Dx_DFP/2.2.159/xc8/avr/lib/avrxmega4/memx-const/crtavr128da48.o
 .bss           0x0000000000000000        0x0 C:/Program Files/Microchip/MPLABX/v6.05/packs/Microchip/AVR-Dx_DFP/2.2.159/xc8/avr/lib/avrxmega4/memx-const/crtavr128da48.o
 .text          0x0000000000000000        0x0 build/default/production/mcc_generated_files/src/usart1.o
 .data          0x0000000000000000        0x0 build/default/production/mcc_generated_files/src/usart1.o
 .bss           0x0000000000000000        0x0 build/default/production/mcc_generated_files/src/usart1.o
 .text.USART1_Enable
                0x0000000000000000        0xc build/default/production/mcc_generated_files/src/usart1.o
 .text.USART1_EnableRx
                0x0000000000000000        0xc build/default/production/mcc_generated_files/src/usart1.o
 .text.USART1_EnableTx
                0x0000000000000000        0xc build/default/production/mcc_generated_files/src/usart1.o
 .text.USART1_Disable
                0x0000000000000000        0xc build/default/production/mcc_generated_files/src/usart1.o
 .text.USART1_GetData
                0x0000000000000000        0x6 build/default/production/mcc_generated_files/src/usart1.o
 .text.USART1_IsTxReady
                0x0000000000000000        0xc build/default/production/mcc_generated_files/src/usart1.o
 .text.USART1_IsRxReady
                0x0000000000000000        0xc build/default/production/mcc_generated_files/src/usart1.o
 .text.USART1_IsTxBusy
                0x0000000000000000       0x10 build/default/production/mcc_generated_files/src/usart1.o
 .text.USART1_IsTxDone
                0x0000000000000000        0xc build/default/production/mcc_generated_files/src/usart1.o
 .text.USART1_Read
                0x0000000000000000       0x10 build/default/production/mcc_generated_files/src/usart1.o
 .text          0x0000000000000000        0x0 build/default/production/main.o
 .data          0x0000000000000000        0x0 build/default/production/main.o
 .bss           0x0000000000000000        0x0 build/default/production/main.o
 .text          0x0000000000000000        0x0 build/default/production/mcc_generated_files/src/adc0.o
 .data          0x0000000000000000        0x0 build/default/production/mcc_generated_files/src/adc0.o
 .bss           0x0000000000000000        0x0 build/default/production/mcc_generated_files/src/adc0.o
 .text.ADC0_Enable
                0x0000000000000000        0xc build/default/production/mcc_generated_files/src/adc0.o
 .text.ADC0_Disable
                0x0000000000000000        0xc build/default/production/mcc_generated_files/src/adc0.o
 .text.ADC0_EnableAutoTrigger
                0x0000000000000000        0xc build/default/production/mcc_generated_files/src/adc0.o
 .text.ADC0_DisableAutoTrigger
                0x0000000000000000        0xc build/default/production/mcc_generated_files/src/adc0.o
 .text.ADC0_SetWindowHigh
                0x0000000000000000        0xa build/default/production/mcc_generated_files/src/adc0.o
 .text.ADC0_SetWindowLow
                0x0000000000000000        0xa build/default/production/mcc_generated_files/src/adc0.o
 .text.ADC0_SetWindowMode
                0x0000000000000000        0x6 build/default/production/mcc_generated_files/src/adc0.o
 .text.ADC0_SetWindowChannel
                0x0000000000000000        0x6 build/default/production/mcc_generated_files/src/adc0.o
 .text.ADC0_StartConversion
                0x0000000000000000       0x12 build/default/production/mcc_generated_files/src/adc0.o
 .text.ADC0_StopConversion
                0x0000000000000000        0x8 build/default/production/mcc_generated_files/src/adc0.o
 .text.ADC0_GetConversionResult
                0x0000000000000000        0xa build/default/production/mcc_generated_files/src/adc0.o
 .text.ADC0_GetWindowResult
                0x0000000000000000       0x10 build/default/production/mcc_generated_files/src/adc0.o
 .text.ADC0_GetConversion
                0x0000000000000000       0x1a build/default/production/mcc_generated_files/src/adc0.o
 .text.ADC0_GetResolution
                0x0000000000000000       0x10 build/default/production/mcc_generated_files/src/adc0.o
 .text.ADC0_RegisterWindowCallback
                0x0000000000000000        0xa build/default/production/mcc_generated_files/src/adc0.o
 .text          0x0000000000000000        0x0 build/default/production/mcc_generated_files/mcc.o
 .data          0x0000000000000000        0x0 build/default/production/mcc_generated_files/mcc.o
 .bss           0x0000000000000000        0x0 build/default/production/mcc_generated_files/mcc.o
 .text          0x0000000000000000        0x0 build/default/production/mcc_generated_files/src/pin_manager.o
 .data          0x0000000000000000        0x0 build/default/production/mcc_generated_files/src/pin_manager.o
 .bss           0x0000000000000000        0x0 build/default/production/mcc_generated_files/src/pin_manager.o
 .text.PORTD_PD4_DefaultInterruptHandler
                0x0000000000000000        0x2 build/default/production/mcc_generated_files/src/pin_manager.o
 .text.PORTC_PC0_DefaultInterruptHandler
                0x0000000000000000        0x2 build/default/production/mcc_generated_files/src/pin_manager.o
 .text.PORTD_PD3_DefaultInterruptHandler
                0x0000000000000000        0x2 build/default/production/mcc_generated_files/src/pin_manager.o
 .text.PORTC_PC1_DefaultInterruptHandler
                0x0000000000000000        0x2 build/default/production/mcc_generated_files/src/pin_manager.o
 .text.PORTD_PD4_SetInterruptHandler
                0x0000000000000000        0x2 build/default/production/mcc_generated_files/src/pin_manager.o
 .text.PORTC_PC0_SetInterruptHandler
                0x0000000000000000        0x2 build/default/production/mcc_generated_files/src/pin_manager.o
 .text.PORTD_PD3_SetInterruptHandler
                0x0000000000000000        0x2 build/default/production/mcc_generated_files/src/pin_manager.o
 .text.PORTC_PC1_SetInterruptHandler
                0x0000000000000000        0x2 build/default/production/mcc_generated_files/src/pin_manager.o
 .text          0x0000000000000000        0x0 build/default/production/mcc_generated_files/src/cpuint.o
 .data          0x0000000000000000        0x0 build/default/production/mcc_generated_files/src/cpuint.o
 .bss           0x0000000000000000        0x0 build/default/production/mcc_generated_files/src/cpuint.o
 .text          0x0000000000000000        0x0 build/default/production/mcc_generated_files/src/protected_io.o
 .data          0x0000000000000000        0x0 build/default/production/mcc_generated_files/src/protected_io.o
 .bss           0x0000000000000000        0x0 build/default/production/mcc_generated_files/src/protected_io.o
 .text          0x0000000000000000        0x0 build/default/production/mcc_generated_files/src/vref.o
 .data          0x0000000000000000        0x0 build/default/production/mcc_generated_files/src/vref.o
 .bss           0x0000000000000000        0x0 build/default/production/mcc_generated_files/src/vref.o
 .text          0x0000000000000000        0x0 build/default/production/mcc_generated_files/device_config.o
 .data          0x0000000000000000        0x0 build/default/production/mcc_generated_files/device_config.o
 .bss           0x0000000000000000        0x0 build/default/production/mcc_generated_files/device_config.o
 .text          0x0000000000000000        0x0 c:/program files/microchip/xc8/v2.40/avr/bin/../lib/gcc/avr/5.4.0/avrxmega4/memx-const\libgcc.a(_copy_data.o)
 .data          0x0000000000000000        0x0 c:/program files/microchip/xc8/v2.40/avr/bin/../lib/gcc/avr/5.4.0/avrxmega4/memx-const\libgcc.a(_copy_data.o)
 .bss           0x0000000000000000        0x0 c:/program files/microchip/xc8/v2.40/avr/bin/../lib/gcc/avr/5.4.0/avrxmega4/memx-const\libgcc.a(_copy_data.o)
 .text.libgcc.mul
                0x0000000000000000        0x0 c:/program files/microchip/xc8/v2.40/avr/bin/../lib/gcc/avr/5.4.0/avrxmega4/memx-const\libgcc.a(_copy_data.o)
 .text.libgcc.div
                0x0000000000000000        0x0 c:/program files/microchip/xc8/v2.40/avr/bin/../lib/gcc/avr/5.4.0/avrxmega4/memx-const\libgcc.a(_copy_data.o)
 .text.libgcc   0x0000000000000000        0x0 c:/program files/microchip/xc8/v2.40/avr/bin/../lib/gcc/avr/5.4.0/avrxmega4/memx-const\libgcc.a(_copy_data.o)
 .text.libgcc.prologue
                0x0000000000000000        0x0 c:/program files/microchip/xc8/v2.40/avr/bin/../lib/gcc/avr/5.4.0/avrxmega4/memx-const\libgcc.a(_copy_data.o)
 .text.libgcc.builtins
                0x0000000000000000        0x0 c:/program files/microchip/xc8/v2.40/avr/bin/../lib/gcc/avr/5.4.0/avrxmega4/memx-const\libgcc.a(_copy_data.o)
 .text.libgcc.fmul
                0x0000000000000000        0x0 c:/program files/microchip/xc8/v2.40/avr/bin/../lib/gcc/avr/5.4.0/avrxmega4/memx-const\libgcc.a(_copy_data.o)
 .text.libgcc.fixed
                0x0000000000000000        0x0 c:/program files/microchip/xc8/v2.40/avr/bin/../lib/gcc/avr/5.4.0/avrxmega4/memx-const\libgcc.a(_copy_data.o)
 .text          0x0000000000000000        0x0 c:/program files/microchip/xc8/v2.40/avr/bin/../lib/gcc/avr/5.4.0/../../../../avr/lib/avrxmega4/memx-const\libc.a(exit.o)
 .data          0x0000000000000000        0x0 c:/program files/microchip/xc8/v2.40/avr/bin/../lib/gcc/avr/5.4.0/../../../../avr/lib/avrxmega4/memx-const\libc.a(exit.o)
 .bss           0x0000000000000000        0x0 c:/program files/microchip/xc8/v2.40/avr/bin/../lib/gcc/avr/5.4.0/../../../../avr/lib/avrxmega4/memx-const\libc.a(exit.o)
 .text          0x0000000000000000        0x0 c:/program files/microchip/xc8/v2.40/avr/bin/../lib/gcc/avr/5.4.0/../../../../avr/lib/avrxmega4/memx-const\libc.a(_Exit.o)
 .data          0x0000000000000000        0x0 c:/program files/microchip/xc8/v2.40/avr/bin/../lib/gcc/avr/5.4.0/../../../../avr/lib/avrxmega4/memx-const\libc.a(_Exit.o)
 .bss           0x0000000000000000        0x0 c:/program files/microchip/xc8/v2.40/avr/bin/../lib/gcc/avr/5.4.0/../../../../avr/lib/avrxmega4/memx-const\libc.a(_Exit.o)
 .text          0x0000000000000000        0x0 c:/program files/microchip/xc8/v2.40/avr/bin/../lib/gcc/avr/5.4.0/avrxmega4/memx-const\libgcc.a(_exit.o)
 .data          0x0000000000000000        0x0 c:/program files/microchip/xc8/v2.40/avr/bin/../lib/gcc/avr/5.4.0/avrxmega4/memx-const\libgcc.a(_exit.o)
 .bss           0x0000000000000000        0x0 c:/program files/microchip/xc8/v2.40/avr/bin/../lib/gcc/avr/5.4.0/avrxmega4/memx-const\libgcc.a(_exit.o)
 .text.libgcc.mul
                0x0000000000000000        0x0 c:/program files/microchip/xc8/v2.40/avr/bin/../lib/gcc/avr/5.4.0/avrxmega4/memx-const\libgcc.a(_exit.o)
 .text.libgcc.div
                0x0000000000000000        0x0 c:/program files/microchip/xc8/v2.40/avr/bin/../lib/gcc/avr/5.4.0/avrxmega4/memx-const\libgcc.a(_exit.o)
 .text.libgcc   0x0000000000000000        0x0 c:/program files/microchip/xc8/v2.40/avr/bin/../lib/gcc/avr/5.4.0/avrxmega4/memx-const\libgcc.a(_exit.o)
 .text.libgcc.prologue
                0x0000000000000000        0x0 c:/program files/microchip/xc8/v2.40/avr/bin/../lib/gcc/avr/5.4.0/avrxmega4/memx-const\libgcc.a(_exit.o)
 .stack.descriptors
                0x0000000000000000       0x13 c:/program files/microchip/xc8/v2.40/avr/bin/../lib/gcc/avr/5.4.0/avrxmega4/memx-const\libgcc.a(_exit.o)
 .text.libgcc.builtins
                0x0000000000000000        0x0 c:/program files/microchip/xc8/v2.40/avr/bin/../lib/gcc/avr/5.4.0/avrxmega4/memx-const\libgcc.a(_exit.o)
 .text.libgcc.fmul
                0x0000000000000000        0x0 c:/program files/microchip/xc8/v2.40/avr/bin/../lib/gcc/avr/5.4.0/avrxmega4/memx-const\libgcc.a(_exit.o)
 .text.libgcc.fixed
                0x0000000000000000        0x0 c:/program files/microchip/xc8/v2.40/avr/bin/../lib/gcc/avr/5.4.0/avrxmega4/memx-const\libgcc.a(_exit.o)

Memory Configuration

Name             Origin             Length             Attributes
text             0x0000000000000000 0x0000000000020000 xr
data             0x0000000000804000 0x0000000000004000 rw !x
eeprom           0x0000000000810000 0x0000000000000200 rw !x
fuse             0x0000000000820000 0x0000000000000010 rw !x
lock             0x0000000000830000 0x0000000000000400 rw !x
signature        0x0000000000840000 0x0000000000000400 rw !x
user_signatures  0x0000000000850000 0x0000000000000400 rw !x
*default*        0x0000000000000000 0xffffffffffffffff

Linker script and memory map

Address of section .data set to 0x804000
                0x0000000000008000                __RODATA_PM_OFFSET__ = 0x8000
LOAD C:/Program Files/Microchip/MPLABX/v6.05/packs/Microchip/AVR-Dx_DFP/2.2.159/xc8/avr/lib/avrxmega4/memx-const/crtavr128da48.o
                0x0000000000000001                __MPLAB_BUILD = 0x1
LOAD build/default/production/mcc_generated_files/src/usart1.o
LOAD build/default/production/main.o
LOAD build/default/production/mcc_generated_files/src/adc0.o
LOAD build/default/production/mcc_generated_files/mcc.o
LOAD build/default/production/mcc_generated_files/src/pin_manager.o
LOAD build/default/production/mcc_generated_files/src/cpuint.o
LOAD build/default/production/mcc_generated_files/src/protected_io.o
LOAD build/default/production/mcc_generated_files/src/vref.o
LOAD build/default/production/mcc_generated_files/device_config.o
START GROUP
LOAD c:/program files/microchip/xc8/v2.40/avr/bin/../lib/gcc/avr/5.4.0/../../../../avr/lib/avrxmega4/memx-const\libm.a
END GROUP
START GROUP
LOAD c:/program files/microchip/xc8/v2.40/avr/bin/../lib/gcc/avr/5.4.0/avrxmega4/memx-const\libgcc.a
LOAD c:/program files/microchip/xc8/v2.40/avr/bin/../lib/gcc/avr/5.4.0/../../../../avr/lib/avrxmega4/memx-const\libm.a
LOAD c:/program files/microchip/xc8/v2.40/avr/bin/../lib/gcc/avr/5.4.0/../../../../avr/lib/avrxmega4/memx-const\libc.a
LOAD C:/Program Files/Microchip/MPLABX/v6.05/packs/Microchip/AVR-Dx_DFP/2.2.159/xc8/avr/lib/avrxmega4/memx-const\libavr128da48.a
END GROUP
                [0x0000000000000000]                __TEXT_REGION_ORIGIN__ = DEFINED (__TEXT_REGION_ORIGIN__)?__TEXT_REGION_ORIGIN__:0x0
                [0x0000000000804000]                __DATA_REGION_ORIGIN__ = DEFINED (__DATA_REGION_ORIGIN__)?__DATA_REGION_ORIGIN__:0x802000
                [0x0000000000020000]                __TEXT_REGION_LENGTH__ = DEFINED (__TEXT_REGION_LENGTH__)?__TEXT_REGION_LENGTH__:0x100000
                [0x0000000000004000]                __DATA_REGION_LENGTH__ = DEFINED (__DATA_REGION_LENGTH__)?__DATA_REGION_LENGTH__:0xffa0
                [0x0000000000000200]                __EEPROM_REGION_LENGTH__ = DEFINED (__EEPROM_REGION_LENGTH__)?__EEPROM_REGION_LENGTH__:0x10000
                [0x0000000000000010]                __FUSE_REGION_LENGTH__ = DEFINED (__FUSE_REGION_LENGTH__)?__FUSE_REGION_LENGTH__:0x400
                0x0000000000000400                __LOCK_REGION_LENGTH__ = DEFINED (__LOCK_REGION_LENGTH__)?__LOCK_REGION_LENGTH__:0x400
                0x0000000000000400                __SIGNATURE_REGION_LENGTH__ = DEFINED (__SIGNATURE_REGION_LENGTH__)?__SIGNATURE_REGION_LENGTH__:0x400
                0x0000000000000400                __USER_SIGNATURE_REGION_LENGTH__ = DEFINED (__USER_SIGNATURE_REGION_LENGTH__)?__USER_SIGNATURE_REGION_LENGTH__:0x400

.hash
 *(.hash)

.dynsym
 *(.dynsym)

.dynstr
 *(.dynstr)

.gnu.version
 *(.gnu.version)

.gnu.version_d
 *(.gnu.version_d)

.gnu.version_r
 *(.gnu.version_r)

.rel.init
 *(.rel.init)

.rela.init
 *(.rela.init)

.rel.text
 *(.rel.text)
 *(.rel.text.*)
 *(.rel.gnu.linkonce.t*)

.rela.text
 *(.rela.text)
 *(.rela.text.*)
 *(.rela.gnu.linkonce.t*)

.rel.fini
 *(.rel.fini)

.rela.fini
 *(.rela.fini)

.rel.rodata
 *(.rel.rodata)
 *(.rel.rodata.*)
 *(.rel.gnu.linkonce.r*)

.rela.rodata
 *(.rela.rodata)
 *(.rela.rodata.*)
 *(.rela.gnu.linkonce.r*)

.rel.data
 *(.rel.data)
 *(.rel.data.*)
 *(.rel.gnu.linkonce.d*)

.rela.data
 *(.rela.data)
 *(.rela.data.*)
 *(.rela.gnu.linkonce.d*)

.rel.ctors
 *(.rel.ctors)

.rela.ctors
 *(.rela.ctors)

.rel.dtors
 *(.rel.dtors)

.rela.dtors
 *(.rela.dtors)

.rel.got
 *(.rel.got)

.rela.got
 *(.rela.got)

.rel.bss
 *(.rel.bss)

.rela.bss
 *(.rela.bss)

.rel.plt
 *(.rel.plt)

.rela.plt
 *(.rela.plt)

.text           0x0000000000000000      0x146
 *(.vectors)
 .vectors       0x0000000000000000       0xe8 C:/Program Files/Microchip/MPLABX/v6.05/packs/Microchip/AVR-Dx_DFP/2.2.159/xc8/avr/lib/avrxmega4/memx-const/crtavr128da48.o
                0x0000000000000000                __vector_default
                0x0000000000000000                __vectors
 *(.vectors)
 *(.progmem.gcc*)
 *(.dinit)
 .dinit         0x00000000000000e8        0x5 data_init
                0x00000000000000ee                . = ALIGN (0x2)
 *fill*         0x00000000000000ed        0x1 
                0x00000000000000ee                __trampolines_start = .
 *(.trampolines)
 .trampolines   0x00000000000000ee        0x0 linker stubs
 *(.trampolines*)
                0x00000000000000ee                __trampolines_end = .
 *libprintf_flt.a:*(.progmem.data)
 *libc.a:*(.progmem.data)
                0x00000000000000ee                . = ALIGN (0x2)
 *(.jumptables)
 *(.jumptables*)
 *(.lowtext)
 *(.lowtext*)
                0x00000000000000ee                __ctors_start = .
 *(.ctors)
                0x00000000000000ee                __ctors_end = .
                0x00000000000000ee                __dtors_start = .
 *(.dtors)
                0x00000000000000ee                __dtors_end = .
 SORT(*)(.ctors)
 SORT(*)(.dtors)
 *(.init0)
 .init0         0x00000000000000ee        0x0 C:/Program Files/Microchip/MPLABX/v6.05/packs/Microchip/AVR-Dx_DFP/2.2.159/xc8/avr/lib/avrxmega4/memx-const/crtavr128da48.o
                0x00000000000000ee                __init
 *(.init0)
 *(.init1)
 *(.init1)
 *(.init2)
 .init2         0x00000000000000ee        0xc C:/Program Files/Microchip/MPLABX/v6.05/packs/Microchip/AVR-Dx_DFP/2.2.159/xc8/avr/lib/avrxmega4/memx-const/crtavr128da48.o
 *(.init2)
 *(.init3)
 *(.init3)
 *(.init4)
 .init4         0x00000000000000fa       0x40 c:/program files/microchip/xc8/v2.40/avr/bin/../lib/gcc/avr/5.4.0/avrxmega4/memx-const\libgcc.a(_copy_data.o)
                0x00000000000000fa                __do_copy_data
                0x000000000000012c                __do_clear_bss
 *(.init4)
 *(.init5)
 *(.init5)
 *(.init6)
 *(.init6)
 *(.init7)
 *(.init7)
 *(.init8)
 *(.init8)
 *(.init9)
 .init9         0x000000000000013a        0x8 C:/Program Files/Microchip/MPLABX/v6.05/packs/Microchip/AVR-Dx_DFP/2.2.159/xc8/avr/lib/avrxmega4/memx-const/crtavr128da48.o
 *(.init9)
                0x0000000000000142                . = ALIGN (0x2)
 *(.fini9)
 .fini9         0x0000000000000142        0x0 c:/program files/microchip/xc8/v2.40/avr/bin/../lib/gcc/avr/5.4.0/avrxmega4/memx-const\libgcc.a(_exit.o)
                0x0000000000000142                _exit
 *(.fini9)
 *(.fini8)
 *(.fini8)
 *(.fini7)
 *(.fini7)
 *(.fini6)
 *(.fini6)
 *(.fini5)
 *(.fini5)
 *(.fini4)
 *(.fini4)
 *(.fini3)
 *(.fini3)
 *(.fini2)
 *(.fini2)
 *(.fini1)
 *(.fini1)
 *(.fini0)
 .fini0         0x0000000000000142        0x4 c:/program files/microchip/xc8/v2.40/avr/bin/../lib/gcc/avr/5.4.0/avrxmega4/memx-const\libgcc.a(_exit.o)
 *(.fini0)
                0x0000000000000146                _etext = .

.data           0x0000000000804000        0x0 load address 0x0000000000000146
                [!provide]                        PROVIDE (__data_start, .)
 *(.gnu.linkonce.d*)
 *(.gnu.linkonce.r*)
                0x0000000000804000                . = ALIGN (0x2)
                0x0000000000804000                _edata = .
                [!provide]                        PROVIDE (__data_end, .)

.bss            0x0000000000804000        0x0
                [!provide]                        PROVIDE (__bss_start, .)
 *(COMMON)
                [!provide]                        PROVIDE (__bss_end, .)
                0x0000000000000146                __data_load_start = LOADADDR (.data)
                0x0000000000000146                __data_load_end = (__data_load_start + SIZEOF (.data))

.noinit         0x0000000000804000        0x0
                [!provide]                        PROVIDE (__noinit_start, .)
 *(.noinit*)
                [!provide]                        PROVIDE (__noinit_end, .)
                0x0000000000804000                _end = .

.eeprom         0x0000000000810000        0x0
 *(.eeprom*)
                0x0000000000810000                __eeprom_end = .

.fuse           0x0000000000820000        0x9
 *(.fuse)
 .fuse          0x0000000000820000        0x9 build/default/production/mcc_generated_files/device_config.o
                0x0000000000820000                __fuse
 *(.lfuse)
 *(.hfuse)
 *(.efuse)

.lock
 *(.lock*)

.signature
 *(.signature*)

.user_signatures
 *(.user_signatures*)

.stab
 *(.stab)

.stabstr
 *(.stabstr)

.stab.excl
 *(.stab.excl)

.stab.exclstr
 *(.stab.exclstr)

.stab.index
 *(.stab.index)

.stab.indexstr
 *(.stab.indexstr)

.comment        0x0000000000000000       0x2f
 *(.comment)
 .comment       0x0000000000000000       0x2f build/default/production/mcc_generated_files/src/usart1.o
                                         0x30 (size before relaxing)
 .comment       0x000000000000002f       0x30 build/default/production/main.o
 .comment       0x000000000000002f       0x30 build/default/production/mcc_generated_files/src/adc0.o
 .comment       0x000000000000002f       0x30 build/default/production/mcc_generated_files/mcc.o
 .comment       0x000000000000002f       0x30 build/default/production/mcc_generated_files/src/pin_manager.o
 .comment       0x000000000000002f       0x30 build/default/production/mcc_generated_files/src/cpuint.o
 .comment       0x000000000000002f       0x30 build/default/production/mcc_generated_files/src/vref.o
 .comment       0x000000000000002f       0x30 build/default/production/mcc_generated_files/device_config.o
 .comment       0x000000000000002f       0x30 c:/program files/microchip/xc8/v2.40/avr/bin/../lib/gcc/avr/5.4.0/../../../../avr/lib/avrxmega4/memx-const\libc.a(exit.o)
 .comment       0x000000000000002f       0x30 c:/program files/microchip/xc8/v2.40/avr/bin/../lib/gcc/avr/5.4.0/../../../../avr/lib/avrxmega4/memx-const\libc.a(_Exit.o)

.note.GNU-stack
                0x0000000000000000        0x0
 .note.GNU-stack
                0x0000000000000000        0x0 c:/program files/microchip/xc8/v2.40/avr/bin/../lib/gcc/avr/5.4.0/../../../../avr/lib/avrxmega4/memx-const\libc.a(exit.o)
 .note.GNU-stack
                0x0000000000000000        0x0 c:/program files/microchip/xc8/v2.40/avr/bin/../lib/gcc/avr/5.4.0/../../../../avr/lib/avrxmega4/memx-const\libc.a(_Exit.o)

.stack.descriptors.hdr
                0x0000000000000000        0xe
 .stack.descriptors.hdr
                0x0000000000000000        0xe c:/program files/microchip/xc8/v2.40/avr/bin/../lib/gcc/avr/5.4.0/avrxmega4/memx-const\libgcc.a(_exit.o)

.note.gnu.build-id
 *(.note.gnu.build-id)

.debug
 *(.debug)

.line
 *(.line)

.debug_srcinfo
 *(.debug_srcinfo)

.debug_sfnames
 *(.debug_sfnames)

.debug_aranges  0x0000000000000000      0x280
 *(.debug_aranges)
 .debug_aranges
                0x0000000000000000       0x78 build/default/production/mcc_generated_files/src/usart1.o
 .debug_aranges
                0x0000000000000078       0x20 build/default/production/main.o
 .debug_aranges
                0x0000000000000098       0xc0 build/default/production/mcc_generated_files/src/adc0.o
 .debug_aranges
                0x0000000000000158       0x48 build/default/production/mcc_generated_files/mcc.o
 .debug_aranges
                0x00000000000001a0       0x68 build/default/production/mcc_generated_files/src/pin_manager.o
 .debug_aranges
                0x0000000000000208       0x20 build/default/production/mcc_generated_files/src/cpuint.o
 .debug_aranges
                0x0000000000000228       0x20 build/default/production/mcc_generated_files/src/protected_io.o
 .debug_aranges
                0x0000000000000248       0x20 build/default/production/mcc_generated_files/src/vref.o
 .debug_aranges
                0x0000000000000268       0x18 build/default/production/mcc_generated_files/device_config.o

.debug_pubnames
 *(.debug_pubnames)

.debug_info     0x0000000000000000     0x7083
 *(.debug_info .gnu.linkonce.wi.*)
 .debug_info    0x0000000000000000     0x3227 C:/Program Files/Microchip/MPLABX/v6.05/packs/Microchip/AVR-Dx_DFP/2.2.159/xc8/avr/lib/avrxmega4/memx-const/crtavr128da48.o
 .debug_info    0x0000000000003227      0x5eb build/default/production/mcc_generated_files/src/usart1.o
 .debug_info    0x0000000000003812      0x6c9 build/default/production/main.o
 .debug_info    0x0000000000003edb      0xe1f build/default/production/mcc_generated_files/src/adc0.o
 .debug_info    0x0000000000004cfa      0xa0b build/default/production/mcc_generated_files/mcc.o
 .debug_info    0x0000000000005705      0x95e build/default/production/mcc_generated_files/src/pin_manager.o
 .debug_info    0x0000000000006063      0x3f0 build/default/production/mcc_generated_files/src/cpuint.o
 .debug_info    0x0000000000006453       0x76 build/default/production/mcc_generated_files/src/protected_io.o
 .debug_info    0x00000000000064c9      0x361 build/default/production/mcc_generated_files/src/vref.o
 .debug_info    0x000000000000682a      0x859 build/default/production/mcc_generated_files/device_config.o

.debug_abbrev   0x0000000000000000     0x38a9
 *(.debug_abbrev)
 .debug_abbrev  0x0000000000000000     0x2f80 C:/Program Files/Microchip/MPLABX/v6.05/packs/Microchip/AVR-Dx_DFP/2.2.159/xc8/avr/lib/avrxmega4/memx-const/crtavr128da48.o
 .debug_abbrev  0x0000000000002f80      0x121 build/default/production/mcc_generated_files/src/usart1.o
 .debug_abbrev  0x00000000000030a1       0xc8 build/default/production/main.o
 .debug_abbrev  0x0000000000003169      0x246 build/default/production/mcc_generated_files/src/adc0.o
 .debug_abbrev  0x00000000000033af      0x169 build/default/production/mcc_generated_files/mcc.o
 .debug_abbrev  0x0000000000003518      0x160 build/default/production/mcc_generated_files/src/pin_manager.o
 .debug_abbrev  0x0000000000003678       0xfa build/default/production/mcc_generated_files/src/cpuint.o
 .debug_abbrev  0x0000000000003772       0x14 build/default/production/mcc_generated_files/src/protected_io.o
 .debug_abbrev  0x0000000000003786       0x8c build/default/production/mcc_generated_files/src/vref.o
 .debug_abbrev  0x0000000000003812       0x97 build/default/production/mcc_generated_files/device_config.o

.debug_line     0x0000000000000000     0x14c4
 *(.debug_line .debug_line.* .debug_line_end)
 .debug_line    0x0000000000000000      0x1f6 C:/Program Files/Microchip/MPLABX/v6.05/packs/Microchip/AVR-Dx_DFP/2.2.159/xc8/avr/lib/avrxmega4/memx-const/crtavr128da48.o
 .debug_line    0x00000000000001f6      0x27c build/default/production/mcc_generated_files/src/usart1.o
 .debug_line    0x0000000000000472      0x174 build/default/production/main.o
 .debug_line    0x00000000000005e6      0x3de build/default/production/mcc_generated_files/src/adc0.o
 .debug_line    0x00000000000009c4      0x27f build/default/production/mcc_generated_files/mcc.o
 .debug_line    0x0000000000000c43      0x46f build/default/production/mcc_generated_files/src/pin_manager.o
 .debug_line    0x00000000000010b2      0x18f build/default/production/mcc_generated_files/src/cpuint.o
 .debug_line    0x0000000000001241       0x6c build/default/production/mcc_generated_files/src/protected_io.o
 .debug_line    0x00000000000012ad      0x11d build/default/production/mcc_generated_files/src/vref.o
 .debug_line    0x00000000000013ca       0xfa build/default/production/mcc_generated_files/device_config.o

.debug_frame    0x0000000000000000      0x428
 *(.debug_frame)
 .debug_frame   0x0000000000000000       0xd4 build/default/production/mcc_generated_files/src/usart1.o
 .debug_frame   0x00000000000000d4       0x24 build/default/production/main.o
 .debug_frame   0x00000000000000f8      0x1ac build/default/production/mcc_generated_files/src/adc0.o
 .debug_frame   0x00000000000002a4       0x74 build/default/production/mcc_generated_files/mcc.o
 .debug_frame   0x0000000000000318       0xc8 build/default/production/mcc_generated_files/src/pin_manager.o
 .debug_frame   0x00000000000003e0       0x24 build/default/production/mcc_generated_files/src/cpuint.o
 .debug_frame   0x0000000000000404       0x24 build/default/production/mcc_generated_files/src/vref.o

.debug_str      0x0000000000000000     0x1639
 *(.debug_str)
 .debug_str     0x0000000000000000     0x153f C:/Program Files/Microchip/MPLABX/v6.05/packs/Microchip/AVR-Dx_DFP/2.2.159/xc8/avr/lib/avrxmega4/memx-const/crtavr128da48.o
 .debug_str     0x000000000000153f        0x0 build/default/production/mcc_generated_files/src/usart1.o
 .debug_str     0x000000000000153f       0x36 build/default/production/main.o
 .debug_str     0x0000000000001575       0x11 build/default/production/mcc_generated_files/src/adc0.o
 .debug_str     0x0000000000001586       0x84 build/default/production/mcc_generated_files/mcc.o
 .debug_str     0x000000000000160a       0x1c build/default/production/mcc_generated_files/src/pin_manager.o
 .debug_str     0x0000000000001626       0x13 build/default/production/mcc_generated_files/src/cpuint.o
 .debug_str     0x0000000000001639        0x0 build/default/production/mcc_generated_files/src/vref.o
 .debug_str     0x0000000000001639        0x0 build/default/production/mcc_generated_files/device_config.o

.debug_loc      0x0000000000000000      0x341
 *(.debug_loc)
 .debug_loc     0x0000000000000000       0x38 build/default/production/main.o
 .debug_loc     0x0000000000000038       0xcc build/default/production/mcc_generated_files/src/adc0.o
 .debug_loc     0x0000000000000104      0x19b build/default/production/mcc_generated_files/mcc.o
 .debug_loc     0x000000000000029f       0x78 build/default/production/mcc_generated_files/src/pin_manager.o
 .debug_loc     0x0000000000000317       0x2a build/default/production/mcc_generated_files/src/cpuint.o

.debug_macinfo
 *(.debug_macinfo)

.debug_weaknames
 *(.debug_weaknames)

.debug_funcnames
 *(.debug_funcnames)

.debug_typenames
 *(.debug_typenames)

.debug_varnames
 *(.debug_varnames)

.debug_pubtypes
 *(.debug_pubtypes)

.debug_ranges   0x0000000000000000      0x1d8
 *(.debug_ranges)
 .debug_ranges  0x0000000000000000       0x68 build/default/production/mcc_generated_files/src/usart1.o
 .debug_ranges  0x0000000000000068       0x10 build/default/production/main.o
 .debug_ranges  0x0000000000000078       0xb0 build/default/production/mcc_generated_files/src/adc0.o
 .debug_ranges  0x0000000000000128       0x38 build/default/production/mcc_generated_files/mcc.o
 .debug_ranges  0x0000000000000160       0x58 build/default/production/mcc_generated_files/src/pin_manager.o
 .debug_ranges  0x00000000000001b8       0x10 build/default/production/mcc_generated_files/src/cpuint.o
 .debug_ranges  0x00000000000001c8       0x10 build/default/production/mcc_generated_files/src/vref.o

.debug_macro
 *(.debug_macro)
OUTPUT(dist/default/production/uart.X.production.elf elf32-avr)
LOAD linker stubs
LOAD data_init

.note.gnu.avr.deviceinfo
                0x0000000000000000       0x40
 .note.gnu.avr.deviceinfo
                0x0000000000000000       0x40 C:/Program Files/Microchip/MPLABX/v6.05/packs/Microchip/AVR-Dx_DFP/2.2.159/xc8/avr/lib/avrxmega4/memx-const/crtavr128da48.o

.bss.ADC0_window_cb
                0x0000000000804000        0x2
 .bss.ADC0_window_cb
                0x0000000000804000        0x2 build/default/production/mcc_generated_files/src/adc0.o
                0x0000000000804000                ADC0_window_cb

.text.PIN_MANAGER_Initialize
                0x0000000000000146      0x146
 .text.PIN_MANAGER_Initialize
                0x0000000000000146      0x146 build/default/production/mcc_generated_files/src/pin_manager.o
                0x0000000000000146                PIN_MANAGER_Initialize

.text.PORT_Initialize
                0x000000000000028c       0x6e
 .text.PORT_Initialize
                0x000000000000028c       0x6e build/default/production/mcc_generated_files/src/pin_manager.o
                0x000000000000028c                PORT_Initialize

.text.__vector_25
                0x00000000000002fa       0x60
 .text.__vector_25
                0x00000000000002fa       0x60 build/default/production/mcc_generated_files/src/adc0.o
                0x00000000000002fa                __vector_25

.text.CLKCTRL_Initialize
                0x000000000000035a       0x58
 .text.CLKCTRL_Initialize
                0x000000000000035a       0x58 build/default/production/mcc_generated_files/mcc.o
                0x000000000000035a                CLKCTRL_Initialize

.text.ADC0_Initialize
                0x00000000000003b2       0x2e
 .text.ADC0_Initialize
                0x00000000000003b2       0x2e build/default/production/mcc_generated_files/src/adc0.o
                0x00000000000003b2                ADC0_Initialize

.text.main      0x00000000000003e0       0x2a
 .text.main     0x00000000000003e0       0x2a build/default/production/main.o
                0x00000000000003e0                main

.text.SYSTEM_Initialize
                0x000000000000040a       0x26
 .text.SYSTEM_Initialize
                0x000000000000040a       0x26 build/default/production/mcc_generated_files/mcc.o
                0x000000000000040a                SYSTEM_Initialize

.text.USART1_Initialize
                0x0000000000000430       0x20
 .text.USART1_Initialize
                0x0000000000000430       0x20 build/default/production/mcc_generated_files/src/usart1.o
                0x0000000000000430                USART1_Initialize

.text.ADC0_GetDiffConversion
                0x0000000000000450       0x1e
 .text.ADC0_GetDiffConversion
                0x0000000000000450       0x1e build/default/production/mcc_generated_files/src/adc0.o
                0x0000000000000450                ADC0_GetDiffConversion

.text.BOD_Initialize
                0x000000000000046e       0x18
 .text.BOD_Initialize
                0x000000000000046e       0x18 build/default/production/mcc_generated_files/mcc.o
                0x000000000000046e                BOD_Initialize

.text.CPUINT_Initialize
                0x0000000000000486       0x18
 .text.CPUINT_Initialize
                0x0000000000000486       0x18 build/default/production/mcc_generated_files/src/cpuint.o
                0x0000000000000486                CPUINT_Initialize

.text.exit      0x000000000000049e       0x16
 .text.exit     0x000000000000049e       0x16 c:/program files/microchip/xc8/v2.40/avr/bin/../lib/gcc/avr/5.4.0/../../../../avr/lib/avrxmega4/memx-const\libc.a(exit.o)
                0x000000000000049e                exit

.text.ADC0_StartDiffConversion
                0x00000000000004b4       0x14
 .text.ADC0_StartDiffConversion
                0x00000000000004b4       0x14 build/default/production/mcc_generated_files/src/adc0.o
                0x00000000000004b4                ADC0_StartDiffConversion

.text.USART1_Write
                0x00000000000004c8       0x10
 .text.USART1_Write
                0x00000000000004c8       0x10 build/default/production/mcc_generated_files/src/usart1.o
                0x00000000000004c8                USART1_Write

.text.SLPCTRL_Initialize
                0x00000000000004d8       0x10
 .text.SLPCTRL_Initialize
                0x00000000000004d8       0x10 build/default/production/mcc_generated_files/mcc.o
                0x00000000000004d8                SLPCTRL_Initialize

.text.WDT_Initialize
                0x00000000000004e8       0x10
 .text.WDT_Initialize
                0x00000000000004e8       0x10 build/default/production/mcc_generated_files/mcc.o
                0x00000000000004e8                WDT_Initialize

.text.VREF_Initialize
                0x00000000000004f8       0x10
 .text.VREF_Initialize
                0x00000000000004f8       0x10 build/default/production/mcc_generated_files/src/vref.o
                0x00000000000004f8                VREF_Initialize

.text.__vector_24
                0x0000000000000508        0xc
 .text.__vector_24
                0x0000000000000508        0xc build/default/production/mcc_generated_files/src/adc0.o
                0x0000000000000508                __vector_24

.text.__vector_2
                0x0000000000000514        0xc
 .text.__vector_2
                0x0000000000000514        0xc build/default/production/mcc_generated_files/mcc.o
                0x0000000000000514                __vector_2

.text.protected_write_io
                0x0000000000000520        0xa
 .text.protected_write_io
                0x0000000000000520        0xa build/default/production/mcc_generated_files/src/protected_io.o
                0x0000000000000520                protected_write_io

.text.ADC0_IsConversionDone
                0x000000000000052a        0x8
 .text.ADC0_IsConversionDone
                0x000000000000052a        0x8 build/default/production/mcc_generated_files/src/adc0.o
                0x000000000000052a                ADC0_IsConversionDone

.text           0x0000000000000532        0x4
 .text          0x0000000000000532        0x4 C:/Program Files/Microchip/MPLABX/v6.05/packs/Microchip/AVR-Dx_DFP/2.2.159/xc8/avr/lib/avrxmega4/memx-const/crtavr128da48.o
                0x0000000000000532                __vector_38
                0x0000000000000532                __vector_22
                0x0000000000000532                __vector_28
                0x0000000000000532                __vector_1
                0x0000000000000532                __vector_32
                0x0000000000000532                __vector_34
                0x0000000000000532                __vector_12
                0x0000000000000532                __vector_55
                0x0000000000000532                __vector_46
                0x0000000000000532                __bad_interrupt
                0x0000000000000532                __vector_6
                0x0000000000000532                __vector_31
                0x0000000000000532                __vector_35
                0x0000000000000532                __vector_39
                0x0000000000000532                __vector_3
                0x0000000000000532                __vector_23
                0x0000000000000532                __vector_30
                0x0000000000000532                __vector_45
                0x0000000000000532                __vector_11
                0x0000000000000532                __vector_54
                0x0000000000000532                __vector_13
                0x0000000000000532                __vector_17
                0x0000000000000532                __vector_19
                0x0000000000000532                __vector_56
                0x0000000000000532                __vector_7
                0x0000000000000532                __vector_49
                0x0000000000000532                __vector_41
                0x0000000000000532                __vector_43
                0x0000000000000532                __vector_27
                0x0000000000000532                __vector_5
                0x0000000000000532                __vector_33
                0x0000000000000532                __vector_47
                0x0000000000000532                __vector_52
                0x0000000000000532                __vector_37
                0x0000000000000532                __vector_4
                0x0000000000000532                __vector_44
                0x0000000000000532                __vector_51
                0x0000000000000532                __vector_9
                0x0000000000000532                __vector_21
                0x0000000000000532                __vector_15
                0x0000000000000532                __vector_36
                0x0000000000000532                __vector_29
                0x0000000000000532                __vector_40
                0x0000000000000532                __vector_8
                0x0000000000000532                __vector_26
                0x0000000000000532                __vector_48
                0x0000000000000532                __vector_14
                0x0000000000000532                __vector_57
                0x0000000000000532                __vector_53
                0x0000000000000532                __vector_10
                0x0000000000000532                __vector_50
                0x0000000000000532                __vector_16
                0x0000000000000532                __vector_18
                0x0000000000000532                __vector_20
                0x0000000000000532                __vector_42

.text._Exit     0x0000000000000536        0x4
 .text._Exit    0x0000000000000536        0x4 c:/program files/microchip/xc8/v2.40/avr/bin/../lib/gcc/avr/5.4.0/../../../../avr/lib/avrxmega4/memx-const\libc.a(_Exit.o)
                0x0000000000000536                _Exit

.text.__dummy_fini
                0x000000000000053a        0x2
 .text.__dummy_fini
                0x000000000000053a        0x2 c:/program files/microchip/xc8/v2.40/avr/bin/../lib/gcc/avr/5.4.0/../../../../avr/lib/avrxmega4/memx-const\libc.a(exit.o)
                0x000000000000053a                _fini

.text.__dummy_funcs_on_exit
                0x000000000000053c        0x2
 .text.__dummy_funcs_on_exit
                0x000000000000053c        0x2 c:/program files/microchip/xc8/v2.40/avr/bin/../lib/gcc/avr/5.4.0/../../../../avr/lib/avrxmega4/memx-const\libc.a(exit.o)
                0x000000000000053c                __funcs_on_exit

.text.__dummy_simulator_exit
                0x000000000000053e        0x2
 .text.__dummy_simulator_exit
                0x000000000000053e        0x2 c:/program files/microchip/xc8/v2.40/avr/bin/../lib/gcc/avr/5.4.0/../../../../avr/lib/avrxmega4/memx-const\libc.a(exit.o)
                0x000000000000053e                __simulator_exit
