Archive member included to satisfy reference by file (symbol)

c:/program files/microchip/xc8/v2.40/avr/bin/../lib/gcc/avr/5.4.0/avrxmega4/memx-const\libgcc.a(_copy_data.o)
                              build/default/production/mcc_generated_files/device_config.o (__do_copy_data)
c:/program files/microchip/xc8/v2.40/avr/bin/../lib/gcc/avr/5.4.0/../../../../avr/lib/avrxmega4/memx-const\libc.a(exit.o)
                              C:/Program Files/Microchip/MPLABX/v6.05/packs/Microchip/AVR-Dx_DFP/2.2.159/xc8/avr/lib/avrxmega4/memx-const/crtavr128da48.o (exit)
c:/program files/microchip/xc8/v2.40/avr/bin/../lib/gcc/avr/5.4.0/../../../../avr/lib/avrxmega4/memx-const\libc.a(_Exit.o)
                              c:/program files/microchip/xc8/v2.40/avr/bin/../lib/gcc/avr/5.4.0/../../../../avr/lib/avrxmega4/memx-const\libc.a(exit.o) (_Exit)
c:/program files/microchip/xc8/v2.40/avr/bin/../lib/gcc/avr/5.4.0/avrxmega4/memx-const\libgcc.a(_exit.o)
                              c:/program files/microchip/xc8/v2.40/avr/bin/../lib/gcc/avr/5.4.0/../../../../avr/lib/avrxmega4/memx-const\libc.a(_Exit.o) (_exit)

Discarded input sections

 .data          0x0000000000000000        0x0 C:/Program Files/Microchip/MPLABX/v6.05/packs/Microchip/AVR-Dx_DFP/2.2.159/xc8/avr/lib/avrxmega4/memx-const/crtavr128da48.o
 .bss           0x0000000000000000        0x0 C:/Program Files/Microchip/MPLABX/v6.05/packs/Microchip/AVR-Dx_DFP/2.2.159/xc8/avr/lib/avrxmega4/memx-const/crtavr128da48.o
 .text          0x0000000000000000        0x0 build/default/production/mcc_generated_files/src/pin_manager.o
 .data          0x0000000000000000        0x0 build/default/production/mcc_generated_files/src/pin_manager.o
 .bss           0x0000000000000000        0x0 build/default/production/mcc_generated_files/src/pin_manager.o
 .text.PORTC_IO_PC6_DefaultInterruptHandler
                0x0000000000000000        0x2 build/default/production/mcc_generated_files/src/pin_manager.o
 .text.PORTC_PC0_DefaultInterruptHandler
                0x0000000000000000        0x2 build/default/production/mcc_generated_files/src/pin_manager.o
 .text.PORTC_PC1_DefaultInterruptHandler
                0x0000000000000000        0x2 build/default/production/mcc_generated_files/src/pin_manager.o
 .text.PORTC_IO_PC6_SetInterruptHandler
                0x0000000000000000        0x2 build/default/production/mcc_generated_files/src/pin_manager.o
 .text.PORTC_PC0_SetInterruptHandler
                0x0000000000000000        0x2 build/default/production/mcc_generated_files/src/pin_manager.o
 .text.PORTC_PC1_SetInterruptHandler
                0x0000000000000000        0x2 build/default/production/mcc_generated_files/src/pin_manager.o
 .text          0x0000000000000000        0x0 build/default/production/main.o
 .data          0x0000000000000000        0x0 build/default/production/main.o
 .bss           0x0000000000000000        0x0 build/default/production/main.o
 .text          0x0000000000000000        0x0 build/default/production/mcc_generated_files/device_config.o
 .data          0x0000000000000000        0x0 build/default/production/mcc_generated_files/device_config.o
 .bss           0x0000000000000000        0x0 build/default/production/mcc_generated_files/device_config.o
 .text          0x0000000000000000        0x0 build/default/production/mcc_generated_files/src/cpuint.o
 .data          0x0000000000000000        0x0 build/default/production/mcc_generated_files/src/cpuint.o
 .bss           0x0000000000000000        0x0 build/default/production/mcc_generated_files/src/cpuint.o
 .text          0x0000000000000000        0x0 build/default/production/mcc_generated_files/src/protected_io.o
 .data          0x0000000000000000        0x0 build/default/production/mcc_generated_files/src/protected_io.o
 .bss           0x0000000000000000        0x0 build/default/production/mcc_generated_files/src/protected_io.o
 .text          0x0000000000000000        0x0 build/default/production/mcc_generated_files/mcc.o
 .data          0x0000000000000000        0x0 build/default/production/mcc_generated_files/mcc.o
 .bss           0x0000000000000000        0x0 build/default/production/mcc_generated_files/mcc.o
 .text          0x0000000000000000        0x0 build/default/production/mcc_generated_files/src/usart1.o
 .data          0x0000000000000000        0x0 build/default/production/mcc_generated_files/src/usart1.o
 .bss           0x0000000000000000        0x0 build/default/production/mcc_generated_files/src/usart1.o
 .text.USART1_Enable
                0x0000000000000000        0xc build/default/production/mcc_generated_files/src/usart1.o
 .text.USART1_EnableRx
                0x0000000000000000        0xc build/default/production/mcc_generated_files/src/usart1.o
 .text.USART1_EnableTx
                0x0000000000000000        0xc build/default/production/mcc_generated_files/src/usart1.o
 .text.USART1_Disable
                0x0000000000000000        0xc build/default/production/mcc_generated_files/src/usart1.o
 .text.USART1_GetData
                0x0000000000000000        0x6 build/default/production/mcc_generated_files/src/usart1.o
 .text.USART1_IsTxReady
                0x0000000000000000        0xc build/default/production/mcc_generated_files/src/usart1.o
 .text.USART1_IsRxReady
                0x0000000000000000        0xc build/default/production/mcc_generated_files/src/usart1.o
 .text.USART1_IsTxBusy
                0x0000000000000000       0x10 build/default/production/mcc_generated_files/src/usart1.o
 .text.USART1_IsTxDone
                0x0000000000000000        0xc build/default/production/mcc_generated_files/src/usart1.o
 .text.USART1_Write
                0x0000000000000000       0x10 build/default/production/mcc_generated_files/src/usart1.o
 .text          0x0000000000000000        0x0 c:/program files/microchip/xc8/v2.40/avr/bin/../lib/gcc/avr/5.4.0/avrxmega4/memx-const\libgcc.a(_copy_data.o)
 .data          0x0000000000000000        0x0 c:/program files/microchip/xc8/v2.40/avr/bin/../lib/gcc/avr/5.4.0/avrxmega4/memx-const\libgcc.a(_copy_data.o)
 .bss           0x0000000000000000        0x0 c:/program files/microchip/xc8/v2.40/avr/bin/../lib/gcc/avr/5.4.0/avrxmega4/memx-const\libgcc.a(_copy_data.o)
 .text.libgcc.mul
                0x0000000000000000        0x0 c:/program files/microchip/xc8/v2.40/avr/bin/../lib/gcc/avr/5.4.0/avrxmega4/memx-const\libgcc.a(_copy_data.o)
 .text.libgcc.div
                0x0000000000000000        0x0 c:/program files/microchip/xc8/v2.40/avr/bin/../lib/gcc/avr/5.4.0/avrxmega4/memx-const\libgcc.a(_copy_data.o)
 .text.libgcc   0x0000000000000000        0x0 c:/program files/microchip/xc8/v2.40/avr/bin/../lib/gcc/avr/5.4.0/avrxmega4/memx-const\libgcc.a(_copy_data.o)
 .text.libgcc.prologue
                0x0000000000000000        0x0 c:/program files/microchip/xc8/v2.40/avr/bin/../lib/gcc/avr/5.4.0/avrxmega4/memx-const\libgcc.a(_copy_data.o)
 .text.libgcc.builtins
                0x0000000000000000        0x0 c:/program files/microchip/xc8/v2.40/avr/bin/../lib/gcc/avr/5.4.0/avrxmega4/memx-const\libgcc.a(_copy_data.o)
 .text.libgcc.fmul
                0x0000000000000000        0x0 c:/program files/microchip/xc8/v2.40/avr/bin/../lib/gcc/avr/5.4.0/avrxmega4/memx-const\libgcc.a(_copy_data.o)
 .text.libgcc.fixed
                0x0000000000000000        0x0 c:/program files/microchip/xc8/v2.40/avr/bin/../lib/gcc/avr/5.4.0/avrxmega4/memx-const\libgcc.a(_copy_data.o)
 .text          0x0000000000000000        0x0 c:/program files/microchip/xc8/v2.40/avr/bin/../lib/gcc/avr/5.4.0/../../../../avr/lib/avrxmega4/memx-const\libc.a(exit.o)
 .data          0x0000000000000000        0x0 c:/program files/microchip/xc8/v2.40/avr/bin/../lib/gcc/avr/5.4.0/../../../../avr/lib/avrxmega4/memx-const\libc.a(exit.o)
 .bss           0x0000000000000000        0x0 c:/program files/microchip/xc8/v2.40/avr/bin/../lib/gcc/avr/5.4.0/../../../../avr/lib/avrxmega4/memx-const\libc.a(exit.o)
 .text          0x0000000000000000        0x0 c:/program files/microchip/xc8/v2.40/avr/bin/../lib/gcc/avr/5.4.0/../../../../avr/lib/avrxmega4/memx-const\libc.a(_Exit.o)
 .data          0x0000000000000000        0x0 c:/program files/microchip/xc8/v2.40/avr/bin/../lib/gcc/avr/5.4.0/../../../../avr/lib/avrxmega4/memx-const\libc.a(_Exit.o)
 .bss           0x0000000000000000        0x0 c:/program files/microchip/xc8/v2.40/avr/bin/../lib/gcc/avr/5.4.0/../../../../avr/lib/avrxmega4/memx-const\libc.a(_Exit.o)
 .text          0x0000000000000000        0x0 c:/program files/microchip/xc8/v2.40/avr/bin/../lib/gcc/avr/5.4.0/avrxmega4/memx-const\libgcc.a(_exit.o)
 .data          0x0000000000000000        0x0 c:/program files/microchip/xc8/v2.40/avr/bin/../lib/gcc/avr/5.4.0/avrxmega4/memx-const\libgcc.a(_exit.o)
 .bss           0x0000000000000000        0x0 c:/program files/microchip/xc8/v2.40/avr/bin/../lib/gcc/avr/5.4.0/avrxmega4/memx-const\libgcc.a(_exit.o)
 .text.libgcc.mul
                0x0000000000000000        0x0 c:/program files/microchip/xc8/v2.40/avr/bin/../lib/gcc/avr/5.4.0/avrxmega4/memx-const\libgcc.a(_exit.o)
 .text.libgcc.div
                0x0000000000000000        0x0 c:/program files/microchip/xc8/v2.40/avr/bin/../lib/gcc/avr/5.4.0/avrxmega4/memx-const\libgcc.a(_exit.o)
 .text.libgcc   0x0000000000000000        0x0 c:/program files/microchip/xc8/v2.40/avr/bin/../lib/gcc/avr/5.4.0/avrxmega4/memx-const\libgcc.a(_exit.o)
 .text.libgcc.prologue
                0x0000000000000000        0x0 c:/program files/microchip/xc8/v2.40/avr/bin/../lib/gcc/avr/5.4.0/avrxmega4/memx-const\libgcc.a(_exit.o)
 .stack.descriptors
                0x0000000000000000       0x13 c:/program files/microchip/xc8/v2.40/avr/bin/../lib/gcc/avr/5.4.0/avrxmega4/memx-const\libgcc.a(_exit.o)
 .text.libgcc.builtins
                0x0000000000000000        0x0 c:/program files/microchip/xc8/v2.40/avr/bin/../lib/gcc/avr/5.4.0/avrxmega4/memx-const\libgcc.a(_exit.o)
 .text.libgcc.fmul
                0x0000000000000000        0x0 c:/program files/microchip/xc8/v2.40/avr/bin/../lib/gcc/avr/5.4.0/avrxmega4/memx-const\libgcc.a(_exit.o)
 .text.libgcc.fixed
                0x0000000000000000        0x0 c:/program files/microchip/xc8/v2.40/avr/bin/../lib/gcc/avr/5.4.0/avrxmega4/memx-const\libgcc.a(_exit.o)

Memory Configuration

Name             Origin             Length             Attributes
text             0x0000000000000000 0x0000000000020000 xr
data             0x0000000000804000 0x0000000000004000 rw !x
eeprom           0x0000000000810000 0x0000000000000200 rw !x
fuse             0x0000000000820000 0x0000000000000010 rw !x
lock             0x0000000000830000 0x0000000000000400 rw !x
signature        0x0000000000840000 0x0000000000000400 rw !x
user_signatures  0x0000000000850000 0x0000000000000400 rw !x
*default*        0x0000000000000000 0xffffffffffffffff

Linker script and memory map

Address of section .data set to 0x804000
                0x0000000000008000                __RODATA_PM_OFFSET__ = 0x8000
LOAD C:/Program Files/Microchip/MPLABX/v6.05/packs/Microchip/AVR-Dx_DFP/2.2.159/xc8/avr/lib/avrxmega4/memx-const/crtavr128da48.o
                0x0000000000000001                __MPLAB_BUILD = 0x1
LOAD build/default/production/mcc_generated_files/src/pin_manager.o
LOAD build/default/production/main.o
LOAD build/default/production/mcc_generated_files/device_config.o
LOAD build/default/production/mcc_generated_files/src/cpuint.o
LOAD build/default/production/mcc_generated_files/src/protected_io.o
LOAD build/default/production/mcc_generated_files/mcc.o
LOAD build/default/production/mcc_generated_files/src/usart1.o
START GROUP
LOAD c:/program files/microchip/xc8/v2.40/avr/bin/../lib/gcc/avr/5.4.0/../../../../avr/lib/avrxmega4/memx-const\libm.a
END GROUP
START GROUP
LOAD c:/program files/microchip/xc8/v2.40/avr/bin/../lib/gcc/avr/5.4.0/avrxmega4/memx-const\libgcc.a
LOAD c:/program files/microchip/xc8/v2.40/avr/bin/../lib/gcc/avr/5.4.0/../../../../avr/lib/avrxmega4/memx-const\libm.a
LOAD c:/program files/microchip/xc8/v2.40/avr/bin/../lib/gcc/avr/5.4.0/../../../../avr/lib/avrxmega4/memx-const\libc.a
LOAD C:/Program Files/Microchip/MPLABX/v6.05/packs/Microchip/AVR-Dx_DFP/2.2.159/xc8/avr/lib/avrxmega4/memx-const\libavr128da48.a
END GROUP
                [0x0000000000000000]                __TEXT_REGION_ORIGIN__ = DEFINED (__TEXT_REGION_ORIGIN__)?__TEXT_REGION_ORIGIN__:0x0
                [0x0000000000804000]                __DATA_REGION_ORIGIN__ = DEFINED (__DATA_REGION_ORIGIN__)?__DATA_REGION_ORIGIN__:0x802000
                [0x0000000000020000]                __TEXT_REGION_LENGTH__ = DEFINED (__TEXT_REGION_LENGTH__)?__TEXT_REGION_LENGTH__:0x100000
                [0x0000000000004000]                __DATA_REGION_LENGTH__ = DEFINED (__DATA_REGION_LENGTH__)?__DATA_REGION_LENGTH__:0xffa0
                [0x0000000000000200]                __EEPROM_REGION_LENGTH__ = DEFINED (__EEPROM_REGION_LENGTH__)?__EEPROM_REGION_LENGTH__:0x10000
                [0x0000000000000010]                __FUSE_REGION_LENGTH__ = DEFINED (__FUSE_REGION_LENGTH__)?__FUSE_REGION_LENGTH__:0x400
                0x0000000000000400                __LOCK_REGION_LENGTH__ = DEFINED (__LOCK_REGION_LENGTH__)?__LOCK_REGION_LENGTH__:0x400
                0x0000000000000400                __SIGNATURE_REGION_LENGTH__ = DEFINED (__SIGNATURE_REGION_LENGTH__)?__SIGNATURE_REGION_LENGTH__:0x400
                0x0000000000000400                __USER_SIGNATURE_REGION_LENGTH__ = DEFINED (__USER_SIGNATURE_REGION_LENGTH__)?__USER_SIGNATURE_REGION_LENGTH__:0x400

.hash
 *(.hash)

.dynsym
 *(.dynsym)

.dynstr
 *(.dynstr)

.gnu.version
 *(.gnu.version)

.gnu.version_d
 *(.gnu.version_d)

.gnu.version_r
 *(.gnu.version_r)

.rel.init
 *(.rel.init)

.rela.init
 *(.rela.init)

.rel.text
 *(.rel.text)
 *(.rel.text.*)
 *(.rel.gnu.linkonce.t*)

.rela.text
 *(.rela.text)
 *(.rela.text.*)
 *(.rela.gnu.linkonce.t*)

.rel.fini
 *(.rel.fini)

.rela.fini
 *(.rela.fini)

.rel.rodata
 *(.rel.rodata)
 *(.rel.rodata.*)
 *(.rel.gnu.linkonce.r*)

.rela.rodata
 *(.rela.rodata)
 *(.rela.rodata.*)
 *(.rela.gnu.linkonce.r*)

.rel.data
 *(.rel.data)
 *(.rel.data.*)
 *(.rel.gnu.linkonce.d*)

.rela.data
 *(.rela.data)
 *(.rela.data.*)
 *(.rela.gnu.linkonce.d*)

.rel.ctors
 *(.rel.ctors)

.rela.ctors
 *(.rela.ctors)

.rel.dtors
 *(.rel.dtors)

.rela.dtors
 *(.rela.dtors)

.rel.got
 *(.rel.got)

.rela.got
 *(.rela.got)

.rel.bss
 *(.rel.bss)

.rela.bss
 *(.rela.bss)

.rel.plt
 *(.rel.plt)

.rela.plt
 *(.rela.plt)

.text           0x0000000000000000      0x140
 *(.vectors)
 .vectors       0x0000000000000000       0xe8 C:/Program Files/Microchip/MPLABX/v6.05/packs/Microchip/AVR-Dx_DFP/2.2.159/xc8/avr/lib/avrxmega4/memx-const/crtavr128da48.o
                0x0000000000000000                __vector_default
                0x0000000000000000                __vectors
 *(.vectors)
 *(.progmem.gcc*)
 *(.dinit)
 .dinit         0x00000000000000e8        0x0 data_init
                0x00000000000000e8                . = ALIGN (0x2)
                0x00000000000000e8                __trampolines_start = .
 *(.trampolines)
 .trampolines   0x00000000000000e8        0x0 linker stubs
 *(.trampolines*)
                0x00000000000000e8                __trampolines_end = .
 *libprintf_flt.a:*(.progmem.data)
 *libc.a:*(.progmem.data)
                0x00000000000000e8                . = ALIGN (0x2)
 *(.jumptables)
 *(.jumptables*)
 *(.lowtext)
 *(.lowtext*)
                0x00000000000000e8                __ctors_start = .
 *(.ctors)
                0x00000000000000e8                __ctors_end = .
                0x00000000000000e8                __dtors_start = .
 *(.dtors)
                0x00000000000000e8                __dtors_end = .
 SORT(*)(.ctors)
 SORT(*)(.dtors)
 *(.init0)
 .init0         0x00000000000000e8        0x0 C:/Program Files/Microchip/MPLABX/v6.05/packs/Microchip/AVR-Dx_DFP/2.2.159/xc8/avr/lib/avrxmega4/memx-const/crtavr128da48.o
                0x00000000000000e8                __init
 *(.init0)
 *(.init1)
 *(.init1)
 *(.init2)
 .init2         0x00000000000000e8        0xc C:/Program Files/Microchip/MPLABX/v6.05/packs/Microchip/AVR-Dx_DFP/2.2.159/xc8/avr/lib/avrxmega4/memx-const/crtavr128da48.o
 *(.init2)
 *(.init3)
 *(.init3)
 *(.init4)
 .init4         0x00000000000000f4       0x40 c:/program files/microchip/xc8/v2.40/avr/bin/../lib/gcc/avr/5.4.0/avrxmega4/memx-const\libgcc.a(_copy_data.o)
                0x00000000000000f4                __do_copy_data
                0x0000000000000126                __do_clear_bss
 *(.init4)
 *(.init5)
 *(.init5)
 *(.init6)
 *(.init6)
 *(.init7)
 *(.init7)
 *(.init8)
 *(.init8)
 *(.init9)
 .init9         0x0000000000000134        0x8 C:/Program Files/Microchip/MPLABX/v6.05/packs/Microchip/AVR-Dx_DFP/2.2.159/xc8/avr/lib/avrxmega4/memx-const/crtavr128da48.o
 *(.init9)
                0x000000000000013c                . = ALIGN (0x2)
 *(.fini9)
 .fini9         0x000000000000013c        0x0 c:/program files/microchip/xc8/v2.40/avr/bin/../lib/gcc/avr/5.4.0/avrxmega4/memx-const\libgcc.a(_exit.o)
                0x000000000000013c                _exit
 *(.fini9)
 *(.fini8)
 *(.fini8)
 *(.fini7)
 *(.fini7)
 *(.fini6)
 *(.fini6)
 *(.fini5)
 *(.fini5)
 *(.fini4)
 *(.fini4)
 *(.fini3)
 *(.fini3)
 *(.fini2)
 *(.fini2)
 *(.fini1)
 *(.fini1)
 *(.fini0)
 .fini0         0x000000000000013c        0x4 c:/program files/microchip/xc8/v2.40/avr/bin/../lib/gcc/avr/5.4.0/avrxmega4/memx-const\libgcc.a(_exit.o)
 *(.fini0)
                0x0000000000000140                _etext = .

.data           0x0000000000804000        0x0 load address 0x0000000000000140
                [!provide]                        PROVIDE (__data_start, .)
 *(.gnu.linkonce.d*)
 *(.gnu.linkonce.r*)
                0x0000000000804000                . = ALIGN (0x2)
                0x0000000000804000                _edata = .
                [!provide]                        PROVIDE (__data_end, .)

.bss            0x0000000000804000        0x0
                [!provide]                        PROVIDE (__bss_start, .)
 *(COMMON)
                [!provide]                        PROVIDE (__bss_end, .)
                0x0000000000000140                __data_load_start = LOADADDR (.data)
                0x0000000000000140                __data_load_end = (__data_load_start + SIZEOF (.data))

.noinit         0x0000000000804000        0x0
                [!provide]                        PROVIDE (__noinit_start, .)
 *(.noinit*)
                [!provide]                        PROVIDE (__noinit_end, .)
                0x0000000000804000                _end = .

.eeprom         0x0000000000810000        0x0
 *(.eeprom*)
                0x0000000000810000                __eeprom_end = .

.fuse           0x0000000000820000        0x9
 *(.fuse)
 .fuse          0x0000000000820000        0x9 build/default/production/mcc_generated_files/device_config.o
                0x0000000000820000                __fuse
 *(.lfuse)
 *(.hfuse)
 *(.efuse)

.lock
 *(.lock*)

.signature
 *(.signature*)

.user_signatures
 *(.user_signatures*)

.stab
 *(.stab)

.stabstr
 *(.stabstr)

.stab.excl
 *(.stab.excl)

.stab.exclstr
 *(.stab.exclstr)

.stab.index
 *(.stab.index)

.stab.indexstr
 *(.stab.indexstr)

.comment        0x0000000000000000       0x2f
 *(.comment)
 .comment       0x0000000000000000       0x2f build/default/production/mcc_generated_files/src/pin_manager.o
                                         0x30 (size before relaxing)
 .comment       0x000000000000002f       0x30 build/default/production/main.o
 .comment       0x000000000000002f       0x30 build/default/production/mcc_generated_files/device_config.o
 .comment       0x000000000000002f       0x30 build/default/production/mcc_generated_files/src/cpuint.o
 .comment       0x000000000000002f       0x30 build/default/production/mcc_generated_files/mcc.o
 .comment       0x000000000000002f       0x30 build/default/production/mcc_generated_files/src/usart1.o
 .comment       0x000000000000002f       0x30 c:/program files/microchip/xc8/v2.40/avr/bin/../lib/gcc/avr/5.4.0/../../../../avr/lib/avrxmega4/memx-const\libc.a(exit.o)
 .comment       0x000000000000002f       0x30 c:/program files/microchip/xc8/v2.40/avr/bin/../lib/gcc/avr/5.4.0/../../../../avr/lib/avrxmega4/memx-const\libc.a(_Exit.o)

.note.GNU-stack
                0x0000000000000000        0x0
 .note.GNU-stack
                0x0000000000000000        0x0 c:/program files/microchip/xc8/v2.40/avr/bin/../lib/gcc/avr/5.4.0/../../../../avr/lib/avrxmega4/memx-const\libc.a(exit.o)
 .note.GNU-stack
                0x0000000000000000        0x0 c:/program files/microchip/xc8/v2.40/avr/bin/../lib/gcc/avr/5.4.0/../../../../avr/lib/avrxmega4/memx-const\libc.a(_Exit.o)

.stack.descriptors.hdr
                0x0000000000000000        0xe
 .stack.descriptors.hdr
                0x0000000000000000        0xe c:/program files/microchip/xc8/v2.40/avr/bin/../lib/gcc/avr/5.4.0/avrxmega4/memx-const\libgcc.a(_exit.o)

.note.gnu.build-id
 *(.note.gnu.build-id)

.debug
 *(.debug)

.line
 *(.line)

.debug_srcinfo
 *(.debug_srcinfo)

.debug_sfnames
 *(.debug_sfnames)

.debug_aranges  0x0000000000000000      0x190
 *(.debug_aranges)
 .debug_aranges
                0x0000000000000000       0x58 build/default/production/mcc_generated_files/src/pin_manager.o
 .debug_aranges
                0x0000000000000058       0x20 build/default/production/main.o
 .debug_aranges
                0x0000000000000078       0x18 build/default/production/mcc_generated_files/device_config.o
 .debug_aranges
                0x0000000000000090       0x20 build/default/production/mcc_generated_files/src/cpuint.o
 .debug_aranges
                0x00000000000000b0       0x20 build/default/production/mcc_generated_files/src/protected_io.o
 .debug_aranges
                0x00000000000000d0       0x48 build/default/production/mcc_generated_files/mcc.o
 .debug_aranges
                0x0000000000000118       0x78 build/default/production/mcc_generated_files/src/usart1.o

.debug_pubnames
 *(.debug_pubnames)

.debug_info     0x0000000000000000     0x5ad0
 *(.debug_info .gnu.linkonce.wi.*)
 .debug_info    0x0000000000000000     0x3227 C:/Program Files/Microchip/MPLABX/v6.05/packs/Microchip/AVR-Dx_DFP/2.2.159/xc8/avr/lib/avrxmega4/memx-const/crtavr128da48.o
 .debug_info    0x0000000000003227      0x8d3 build/default/production/mcc_generated_files/src/pin_manager.o
 .debug_info    0x0000000000003afa      0x2e4 build/default/production/main.o
 .debug_info    0x0000000000003dde      0x86e build/default/production/mcc_generated_files/device_config.o
 .debug_info    0x000000000000464c      0x405 build/default/production/mcc_generated_files/src/cpuint.o
 .debug_info    0x0000000000004a51       0x8b build/default/production/mcc_generated_files/src/protected_io.o
 .debug_info    0x0000000000004adc      0x9f4 build/default/production/mcc_generated_files/mcc.o
 .debug_info    0x00000000000054d0      0x600 build/default/production/mcc_generated_files/src/usart1.o

.debug_abbrev   0x0000000000000000     0x3588
 *(.debug_abbrev)
 .debug_abbrev  0x0000000000000000     0x2f80 C:/Program Files/Microchip/MPLABX/v6.05/packs/Microchip/AVR-Dx_DFP/2.2.159/xc8/avr/lib/avrxmega4/memx-const/crtavr128da48.o
 .debug_abbrev  0x0000000000002f80      0x160 build/default/production/mcc_generated_files/src/pin_manager.o
 .debug_abbrev  0x00000000000030e0       0x79 build/default/production/main.o
 .debug_abbrev  0x0000000000003159       0x97 build/default/production/mcc_generated_files/device_config.o
 .debug_abbrev  0x00000000000031f0       0xfa build/default/production/mcc_generated_files/src/cpuint.o
 .debug_abbrev  0x00000000000032ea       0x14 build/default/production/mcc_generated_files/src/protected_io.o
 .debug_abbrev  0x00000000000032fe      0x169 build/default/production/mcc_generated_files/mcc.o
 .debug_abbrev  0x0000000000003467      0x121 build/default/production/mcc_generated_files/src/usart1.o

.debug_line     0x0000000000000000      0xf04
 *(.debug_line .debug_line.* .debug_line_end)
 .debug_line    0x0000000000000000      0x1f6 C:/Program Files/Microchip/MPLABX/v6.05/packs/Microchip/AVR-Dx_DFP/2.2.159/xc8/avr/lib/avrxmega4/memx-const/crtavr128da48.o
 .debug_line    0x00000000000001f6      0x44d build/default/production/mcc_generated_files/src/pin_manager.o
 .debug_line    0x0000000000000643       0xf1 build/default/production/main.o
 .debug_line    0x0000000000000734       0xfa build/default/production/mcc_generated_files/device_config.o
 .debug_line    0x000000000000082e      0x18f build/default/production/mcc_generated_files/src/cpuint.o
 .debug_line    0x00000000000009bd       0x6c build/default/production/mcc_generated_files/src/protected_io.o
 .debug_line    0x0000000000000a29      0x25f build/default/production/mcc_generated_files/mcc.o
 .debug_line    0x0000000000000c88      0x27c build/default/production/mcc_generated_files/src/usart1.o

.debug_frame    0x0000000000000000      0x230
 *(.debug_frame)
 .debug_frame   0x0000000000000000       0xa0 build/default/production/mcc_generated_files/src/pin_manager.o
 .debug_frame   0x00000000000000a0       0x24 build/default/production/main.o
 .debug_frame   0x00000000000000c4       0x24 build/default/production/mcc_generated_files/src/cpuint.o
 .debug_frame   0x00000000000000e8       0x74 build/default/production/mcc_generated_files/mcc.o
 .debug_frame   0x000000000000015c       0xd4 build/default/production/mcc_generated_files/src/usart1.o

.debug_str      0x0000000000000000     0x15f0
 *(.debug_str)
 .debug_str     0x0000000000000000     0x153f C:/Program Files/Microchip/MPLABX/v6.05/packs/Microchip/AVR-Dx_DFP/2.2.159/xc8/avr/lib/avrxmega4/memx-const/crtavr128da48.o
 .debug_str     0x000000000000153f       0x1c build/default/production/mcc_generated_files/src/pin_manager.o
 .debug_str     0x000000000000155b       0x1e build/default/production/main.o
 .debug_str     0x0000000000001579        0x0 build/default/production/mcc_generated_files/device_config.o
 .debug_str     0x0000000000001579       0x13 build/default/production/mcc_generated_files/src/cpuint.o
 .debug_str     0x000000000000158c       0x64 build/default/production/mcc_generated_files/mcc.o
 .debug_str     0x00000000000015f0        0x0 build/default/production/mcc_generated_files/src/usart1.o

.debug_loc      0x0000000000000000      0x23d
 *(.debug_loc)
 .debug_loc     0x0000000000000000       0x78 build/default/production/mcc_generated_files/src/pin_manager.o
 .debug_loc     0x0000000000000078       0x2a build/default/production/mcc_generated_files/src/cpuint.o
 .debug_loc     0x00000000000000a2      0x19b build/default/production/mcc_generated_files/mcc.o

.debug_macinfo
 *(.debug_macinfo)

.debug_weaknames
 *(.debug_weaknames)

.debug_funcnames
 *(.debug_funcnames)

.debug_typenames
 *(.debug_typenames)

.debug_varnames
 *(.debug_varnames)

.debug_pubtypes
 *(.debug_pubtypes)

.debug_ranges   0x0000000000000000      0x108
 *(.debug_ranges)
 .debug_ranges  0x0000000000000000       0x48 build/default/production/mcc_generated_files/src/pin_manager.o
 .debug_ranges  0x0000000000000048       0x10 build/default/production/main.o
 .debug_ranges  0x0000000000000058       0x10 build/default/production/mcc_generated_files/src/cpuint.o
 .debug_ranges  0x0000000000000068       0x38 build/default/production/mcc_generated_files/mcc.o
 .debug_ranges  0x00000000000000a0       0x68 build/default/production/mcc_generated_files/src/usart1.o

.debug_macro
 *(.debug_macro)
OUTPUT(dist/default/production/uartBlink_hex_anysequence.X.production.elf elf32-avr)
LOAD linker stubs
LOAD data_init

.note.gnu.avr.deviceinfo
                0x0000000000000000       0x40
 .note.gnu.avr.deviceinfo
                0x0000000000000000       0x40 C:/Program Files/Microchip/MPLABX/v6.05/packs/Microchip/AVR-Dx_DFP/2.2.159/xc8/avr/lib/avrxmega4/memx-const/crtavr128da48.o

.text.PIN_MANAGER_Initialize
                0x0000000000000140      0x13c
 .text.PIN_MANAGER_Initialize
                0x0000000000000140      0x13c build/default/production/mcc_generated_files/src/pin_manager.o
                0x0000000000000140                PIN_MANAGER_Initialize

.text.PORT_Initialize
                0x000000000000027c       0x6e
 .text.PORT_Initialize
                0x000000000000027c       0x6e build/default/production/mcc_generated_files/src/pin_manager.o
                0x000000000000027c                PORT_Initialize

.text.CLKCTRL_Initialize
                0x00000000000002ea       0x58
 .text.CLKCTRL_Initialize
                0x00000000000002ea       0x58 build/default/production/mcc_generated_files/mcc.o
                0x00000000000002ea                CLKCTRL_Initialize

.text.main      0x0000000000000342       0x2e
 .text.main     0x0000000000000342       0x2e build/default/production/main.o
                0x0000000000000342                main

.text.USART1_Initialize
                0x0000000000000370       0x20
 .text.USART1_Initialize
                0x0000000000000370       0x20 build/default/production/mcc_generated_files/src/usart1.o
                0x0000000000000370                USART1_Initialize

.text.SYSTEM_Initialize
                0x0000000000000390       0x1e
 .text.SYSTEM_Initialize
                0x0000000000000390       0x1e build/default/production/mcc_generated_files/mcc.o
                0x0000000000000390                SYSTEM_Initialize

.text.CPUINT_Initialize
                0x00000000000003ae       0x18
 .text.CPUINT_Initialize
                0x00000000000003ae       0x18 build/default/production/mcc_generated_files/src/cpuint.o
                0x00000000000003ae                CPUINT_Initialize

.text.BOD_Initialize
                0x00000000000003c6       0x18
 .text.BOD_Initialize
                0x00000000000003c6       0x18 build/default/production/mcc_generated_files/mcc.o
                0x00000000000003c6                BOD_Initialize

.text.exit      0x00000000000003de       0x16
 .text.exit     0x00000000000003de       0x16 c:/program files/microchip/xc8/v2.40/avr/bin/../lib/gcc/avr/5.4.0/../../../../avr/lib/avrxmega4/memx-const\libc.a(exit.o)
                0x00000000000003de                exit

.text.SLPCTRL_Initialize
                0x00000000000003f4       0x10
 .text.SLPCTRL_Initialize
                0x00000000000003f4       0x10 build/default/production/mcc_generated_files/mcc.o
                0x00000000000003f4                SLPCTRL_Initialize

.text.WDT_Initialize
                0x0000000000000404       0x10
 .text.WDT_Initialize
                0x0000000000000404       0x10 build/default/production/mcc_generated_files/mcc.o
                0x0000000000000404                WDT_Initialize

.text.USART1_Read
                0x0000000000000414       0x10
 .text.USART1_Read
                0x0000000000000414       0x10 build/default/production/mcc_generated_files/src/usart1.o
                0x0000000000000414                USART1_Read

.text.__vector_2
                0x0000000000000424        0xc
 .text.__vector_2
                0x0000000000000424        0xc build/default/production/mcc_generated_files/mcc.o
                0x0000000000000424                __vector_2

.text.protected_write_io
                0x0000000000000430        0xa
 .text.protected_write_io
                0x0000000000000430        0xa build/default/production/mcc_generated_files/src/protected_io.o
                0x0000000000000430                protected_write_io

.text           0x000000000000043a        0x4
 .text          0x000000000000043a        0x4 C:/Program Files/Microchip/MPLABX/v6.05/packs/Microchip/AVR-Dx_DFP/2.2.159/xc8/avr/lib/avrxmega4/memx-const/crtavr128da48.o
                0x000000000000043a                __vector_38
                0x000000000000043a                __vector_22
                0x000000000000043a                __vector_28
                0x000000000000043a                __vector_1
                0x000000000000043a                __vector_32
                0x000000000000043a                __vector_34
                0x000000000000043a                __vector_24
                0x000000000000043a                __vector_12
                0x000000000000043a                __vector_55
                0x000000000000043a                __vector_46
                0x000000000000043a                __bad_interrupt
                0x000000000000043a                __vector_6
                0x000000000000043a                __vector_31
                0x000000000000043a                __vector_35
                0x000000000000043a                __vector_39
                0x000000000000043a                __vector_3
                0x000000000000043a                __vector_23
                0x000000000000043a                __vector_30
                0x000000000000043a                __vector_45
                0x000000000000043a                __vector_25
                0x000000000000043a                __vector_11
                0x000000000000043a                __vector_54
                0x000000000000043a                __vector_13
                0x000000000000043a                __vector_17
                0x000000000000043a                __vector_19
                0x000000000000043a                __vector_56
                0x000000000000043a                __vector_7
                0x000000000000043a                __vector_49
                0x000000000000043a                __vector_41
                0x000000000000043a                __vector_43
                0x000000000000043a                __vector_27
                0x000000000000043a                __vector_5
                0x000000000000043a                __vector_33
                0x000000000000043a                __vector_47
                0x000000000000043a                __vector_52
                0x000000000000043a                __vector_37
                0x000000000000043a                __vector_4
                0x000000000000043a                __vector_44
                0x000000000000043a                __vector_51
                0x000000000000043a                __vector_9
                0x000000000000043a                __vector_21
                0x000000000000043a                __vector_15
                0x000000000000043a                __vector_36
                0x000000000000043a                __vector_29
                0x000000000000043a                __vector_40
                0x000000000000043a                __vector_8
                0x000000000000043a                __vector_26
                0x000000000000043a                __vector_48
                0x000000000000043a                __vector_14
                0x000000000000043a                __vector_57
                0x000000000000043a                __vector_53
                0x000000000000043a                __vector_10
                0x000000000000043a                __vector_50
                0x000000000000043a                __vector_16
                0x000000000000043a                __vector_18
                0x000000000000043a                __vector_20
                0x000000000000043a                __vector_42

.text._Exit     0x000000000000043e        0x4
 .text._Exit    0x000000000000043e        0x4 c:/program files/microchip/xc8/v2.40/avr/bin/../lib/gcc/avr/5.4.0/../../../../avr/lib/avrxmega4/memx-const\libc.a(_Exit.o)
                0x000000000000043e                _Exit

.text.__dummy_fini
                0x0000000000000442        0x2
 .text.__dummy_fini
                0x0000000000000442        0x2 c:/program files/microchip/xc8/v2.40/avr/bin/../lib/gcc/avr/5.4.0/../../../../avr/lib/avrxmega4/memx-const\libc.a(exit.o)
                0x0000000000000442                _fini

.text.__dummy_funcs_on_exit
                0x0000000000000444        0x2
 .text.__dummy_funcs_on_exit
                0x0000000000000444        0x2 c:/program files/microchip/xc8/v2.40/avr/bin/../lib/gcc/avr/5.4.0/../../../../avr/lib/avrxmega4/memx-const\libc.a(exit.o)
                0x0000000000000444                __funcs_on_exit

.text.__dummy_simulator_exit
                0x0000000000000446        0x2
 .text.__dummy_simulator_exit
                0x0000000000000446        0x2 c:/program files/microchip/xc8/v2.40/avr/bin/../lib/gcc/avr/5.4.0/../../../../avr/lib/avrxmega4/memx-const\libc.a(exit.o)
                0x0000000000000446                __simulator_exit
