Archive member included to satisfy reference by file (symbol)

c:/program files/microchip/xc8/v2.40/avr/bin/../lib/gcc/avr/5.4.0/avrxmega4/memx-const\libgcc.a(_copy_data.o)
                              build/default/production/mcc_generated_files/src/tca0.o (__do_copy_data)
c:/program files/microchip/xc8/v2.40/avr/bin/../lib/gcc/avr/5.4.0/../../../../avr/lib/avrxmega4/memx-const\libc.a(exit.o)
                              C:/Program Files/Microchip/MPLABX/v6.05/packs/Microchip/AVR-Dx_DFP/2.2.159/xc8/avr/lib/avrxmega4/memx-const/crtavr128da48.o (exit)
c:/program files/microchip/xc8/v2.40/avr/bin/../lib/gcc/avr/5.4.0/../../../../avr/lib/avrxmega4/memx-const\libc.a(_Exit.o)
                              c:/program files/microchip/xc8/v2.40/avr/bin/../lib/gcc/avr/5.4.0/../../../../avr/lib/avrxmega4/memx-const\libc.a(exit.o) (_Exit)
c:/program files/microchip/xc8/v2.40/avr/bin/../lib/gcc/avr/5.4.0/avrxmega4/memx-const\libgcc.a(_exit.o)
                              c:/program files/microchip/xc8/v2.40/avr/bin/../lib/gcc/avr/5.4.0/../../../../avr/lib/avrxmega4/memx-const\libc.a(_Exit.o) (_exit)

Discarded input sections

 .data          0x0000000000000000        0x0 C:/Program Files/Microchip/MPLABX/v6.05/packs/Microchip/AVR-Dx_DFP/2.2.159/xc8/avr/lib/avrxmega4/memx-const/crtavr128da48.o
 .bss           0x0000000000000000        0x0 C:/Program Files/Microchip/MPLABX/v6.05/packs/Microchip/AVR-Dx_DFP/2.2.159/xc8/avr/lib/avrxmega4/memx-const/crtavr128da48.o
 .text          0x0000000000000000        0x0 build/default/production/mcc_generated_files/src/cpuint.o
 .data          0x0000000000000000        0x0 build/default/production/mcc_generated_files/src/cpuint.o
 .bss           0x0000000000000000        0x0 build/default/production/mcc_generated_files/src/cpuint.o
 .text          0x0000000000000000        0x0 build/default/production/mcc_generated_files/src/protected_io.o
 .data          0x0000000000000000        0x0 build/default/production/mcc_generated_files/src/protected_io.o
 .bss           0x0000000000000000        0x0 build/default/production/mcc_generated_files/src/protected_io.o
 .text          0x0000000000000000        0x0 build/default/production/mcc_generated_files/src/tca0.o
 .data          0x0000000000000000        0x0 build/default/production/mcc_generated_files/src/tca0.o
 .bss           0x0000000000000000        0x0 build/default/production/mcc_generated_files/src/tca0.o
 .text.TCA0_SetCMP0IsrCallback
                0x0000000000000000        0xa build/default/production/mcc_generated_files/src/tca0.o
 .text.TCA0_SetCMP1IsrCallback
                0x0000000000000000        0xa build/default/production/mcc_generated_files/src/tca0.o
 .text.TCA0_SetCMP2IsrCallback
                0x0000000000000000        0xa build/default/production/mcc_generated_files/src/tca0.o
 .text.TCA0_WriteTimer
                0x0000000000000000        0xa build/default/production/mcc_generated_files/src/tca0.o
 .text.TCA0_ReadTimer
                0x0000000000000000        0xa build/default/production/mcc_generated_files/src/tca0.o
 .text.TCA0_EnableInterrupt
                0x0000000000000000        0x8 build/default/production/mcc_generated_files/src/tca0.o
 .text.TCA0_DisableInterrupt
                0x0000000000000000        0x6 build/default/production/mcc_generated_files/src/tca0.o
 .text.TCA0_ClearOverflowInterruptFlag
                0x0000000000000000        0xc build/default/production/mcc_generated_files/src/tca0.o
 .text.TCA0_IsOverflowInterruptEnabled
                0x0000000000000000        0xc build/default/production/mcc_generated_files/src/tca0.o
 .text.TCA0_ClearCMP0InterruptFlag
                0x0000000000000000        0xc build/default/production/mcc_generated_files/src/tca0.o
 .text.TCA0_IsCMP0InterruptEnabled
                0x0000000000000000        0xc build/default/production/mcc_generated_files/src/tca0.o
 .text.TCA0_ClearCMP1InterruptFlag
                0x0000000000000000        0xc build/default/production/mcc_generated_files/src/tca0.o
 .text.TCA0_IsCMP1InterruptEnabled
                0x0000000000000000        0xc build/default/production/mcc_generated_files/src/tca0.o
 .text.TCA0_ClearCMP2InterruptFlag
                0x0000000000000000        0xc build/default/production/mcc_generated_files/src/tca0.o
 .text.TCA0_IsCMP2InterruptEnabled
                0x0000000000000000        0xc build/default/production/mcc_generated_files/src/tca0.o
 .text          0x0000000000000000        0x0 build/default/production/mcc_generated_files/src/pin_manager.o
 .data          0x0000000000000000        0x0 build/default/production/mcc_generated_files/src/pin_manager.o
 .bss           0x0000000000000000        0x0 build/default/production/mcc_generated_files/src/pin_manager.o
 .text.PORTA_PA2_DefaultInterruptHandler
                0x0000000000000000        0x2 build/default/production/mcc_generated_files/src/pin_manager.o
 .text.PORTA_PA1_DefaultInterruptHandler
                0x0000000000000000        0x2 build/default/production/mcc_generated_files/src/pin_manager.o
 .text.PORTC_IO_PC6_DefaultInterruptHandler
                0x0000000000000000        0x2 build/default/production/mcc_generated_files/src/pin_manager.o
 .text.PORTA_PA0_DefaultInterruptHandler
                0x0000000000000000        0x2 build/default/production/mcc_generated_files/src/pin_manager.o
 .text.PORTA_PA2_SetInterruptHandler
                0x0000000000000000        0x2 build/default/production/mcc_generated_files/src/pin_manager.o
 .text.PORTA_PA1_SetInterruptHandler
                0x0000000000000000        0x2 build/default/production/mcc_generated_files/src/pin_manager.o
 .text.PORTC_IO_PC6_SetInterruptHandler
                0x0000000000000000        0x2 build/default/production/mcc_generated_files/src/pin_manager.o
 .text.PORTA_PA0_SetInterruptHandler
                0x0000000000000000        0x2 build/default/production/mcc_generated_files/src/pin_manager.o
 .text          0x0000000000000000        0x0 build/default/production/mcc_generated_files/mcc.o
 .data          0x0000000000000000        0x0 build/default/production/mcc_generated_files/mcc.o
 .bss           0x0000000000000000        0x0 build/default/production/mcc_generated_files/mcc.o
 .text          0x0000000000000000        0x0 build/default/production/mcc_generated_files/device_config.o
 .data          0x0000000000000000        0x0 build/default/production/mcc_generated_files/device_config.o
 .bss           0x0000000000000000        0x0 build/default/production/mcc_generated_files/device_config.o
 .text          0x0000000000000000        0x0 build/default/production/main.o
 .data          0x0000000000000000        0x0 build/default/production/main.o
 .bss           0x0000000000000000        0x0 build/default/production/main.o
 .text          0x0000000000000000        0x0 c:/program files/microchip/xc8/v2.40/avr/bin/../lib/gcc/avr/5.4.0/avrxmega4/memx-const\libgcc.a(_copy_data.o)
 .data          0x0000000000000000        0x0 c:/program files/microchip/xc8/v2.40/avr/bin/../lib/gcc/avr/5.4.0/avrxmega4/memx-const\libgcc.a(_copy_data.o)
 .bss           0x0000000000000000        0x0 c:/program files/microchip/xc8/v2.40/avr/bin/../lib/gcc/avr/5.4.0/avrxmega4/memx-const\libgcc.a(_copy_data.o)
 .text.libgcc.mul
                0x0000000000000000        0x0 c:/program files/microchip/xc8/v2.40/avr/bin/../lib/gcc/avr/5.4.0/avrxmega4/memx-const\libgcc.a(_copy_data.o)
 .text.libgcc.div
                0x0000000000000000        0x0 c:/program files/microchip/xc8/v2.40/avr/bin/../lib/gcc/avr/5.4.0/avrxmega4/memx-const\libgcc.a(_copy_data.o)
 .text.libgcc   0x0000000000000000        0x0 c:/program files/microchip/xc8/v2.40/avr/bin/../lib/gcc/avr/5.4.0/avrxmega4/memx-const\libgcc.a(_copy_data.o)
 .text.libgcc.prologue
                0x0000000000000000        0x0 c:/program files/microchip/xc8/v2.40/avr/bin/../lib/gcc/avr/5.4.0/avrxmega4/memx-const\libgcc.a(_copy_data.o)
 .text.libgcc.builtins
                0x0000000000000000        0x0 c:/program files/microchip/xc8/v2.40/avr/bin/../lib/gcc/avr/5.4.0/avrxmega4/memx-const\libgcc.a(_copy_data.o)
 .text.libgcc.fmul
                0x0000000000000000        0x0 c:/program files/microchip/xc8/v2.40/avr/bin/../lib/gcc/avr/5.4.0/avrxmega4/memx-const\libgcc.a(_copy_data.o)
 .text.libgcc.fixed
                0x0000000000000000        0x0 c:/program files/microchip/xc8/v2.40/avr/bin/../lib/gcc/avr/5.4.0/avrxmega4/memx-const\libgcc.a(_copy_data.o)
 .text          0x0000000000000000        0x0 c:/program files/microchip/xc8/v2.40/avr/bin/../lib/gcc/avr/5.4.0/../../../../avr/lib/avrxmega4/memx-const\libc.a(exit.o)
 .data          0x0000000000000000        0x0 c:/program files/microchip/xc8/v2.40/avr/bin/../lib/gcc/avr/5.4.0/../../../../avr/lib/avrxmega4/memx-const\libc.a(exit.o)
 .bss           0x0000000000000000        0x0 c:/program files/microchip/xc8/v2.40/avr/bin/../lib/gcc/avr/5.4.0/../../../../avr/lib/avrxmega4/memx-const\libc.a(exit.o)
 .text          0x0000000000000000        0x0 c:/program files/microchip/xc8/v2.40/avr/bin/../lib/gcc/avr/5.4.0/../../../../avr/lib/avrxmega4/memx-const\libc.a(_Exit.o)
 .data          0x0000000000000000        0x0 c:/program files/microchip/xc8/v2.40/avr/bin/../lib/gcc/avr/5.4.0/../../../../avr/lib/avrxmega4/memx-const\libc.a(_Exit.o)
 .bss           0x0000000000000000        0x0 c:/program files/microchip/xc8/v2.40/avr/bin/../lib/gcc/avr/5.4.0/../../../../avr/lib/avrxmega4/memx-const\libc.a(_Exit.o)
 .text          0x0000000000000000        0x0 c:/program files/microchip/xc8/v2.40/avr/bin/../lib/gcc/avr/5.4.0/avrxmega4/memx-const\libgcc.a(_exit.o)
 .data          0x0000000000000000        0x0 c:/program files/microchip/xc8/v2.40/avr/bin/../lib/gcc/avr/5.4.0/avrxmega4/memx-const\libgcc.a(_exit.o)
 .bss           0x0000000000000000        0x0 c:/program files/microchip/xc8/v2.40/avr/bin/../lib/gcc/avr/5.4.0/avrxmega4/memx-const\libgcc.a(_exit.o)
 .text.libgcc.mul
                0x0000000000000000        0x0 c:/program files/microchip/xc8/v2.40/avr/bin/../lib/gcc/avr/5.4.0/avrxmega4/memx-const\libgcc.a(_exit.o)
 .text.libgcc.div
                0x0000000000000000        0x0 c:/program files/microchip/xc8/v2.40/avr/bin/../lib/gcc/avr/5.4.0/avrxmega4/memx-const\libgcc.a(_exit.o)
 .text.libgcc   0x0000000000000000        0x0 c:/program files/microchip/xc8/v2.40/avr/bin/../lib/gcc/avr/5.4.0/avrxmega4/memx-const\libgcc.a(_exit.o)
 .text.libgcc.prologue
                0x0000000000000000        0x0 c:/program files/microchip/xc8/v2.40/avr/bin/../lib/gcc/avr/5.4.0/avrxmega4/memx-const\libgcc.a(_exit.o)
 .stack.descriptors
                0x0000000000000000       0x13 c:/program files/microchip/xc8/v2.40/avr/bin/../lib/gcc/avr/5.4.0/avrxmega4/memx-const\libgcc.a(_exit.o)
 .text.libgcc.builtins
                0x0000000000000000        0x0 c:/program files/microchip/xc8/v2.40/avr/bin/../lib/gcc/avr/5.4.0/avrxmega4/memx-const\libgcc.a(_exit.o)
 .text.libgcc.fmul
                0x0000000000000000        0x0 c:/program files/microchip/xc8/v2.40/avr/bin/../lib/gcc/avr/5.4.0/avrxmega4/memx-const\libgcc.a(_exit.o)
 .text.libgcc.fixed
                0x0000000000000000        0x0 c:/program files/microchip/xc8/v2.40/avr/bin/../lib/gcc/avr/5.4.0/avrxmega4/memx-const\libgcc.a(_exit.o)

Memory Configuration

Name             Origin             Length             Attributes
text             0x0000000000000000 0x0000000000020000 xr
data             0x0000000000804000 0x0000000000004000 rw !x
eeprom           0x0000000000810000 0x0000000000000200 rw !x
fuse             0x0000000000820000 0x0000000000000010 rw !x
lock             0x0000000000830000 0x0000000000000400 rw !x
signature        0x0000000000840000 0x0000000000000400 rw !x
user_signatures  0x0000000000850000 0x0000000000000400 rw !x
*default*        0x0000000000000000 0xffffffffffffffff

Linker script and memory map

Address of section .data set to 0x804000
                0x0000000000008000                __RODATA_PM_OFFSET__ = 0x8000
LOAD C:/Program Files/Microchip/MPLABX/v6.05/packs/Microchip/AVR-Dx_DFP/2.2.159/xc8/avr/lib/avrxmega4/memx-const/crtavr128da48.o
                0x0000000000000001                __MPLAB_BUILD = 0x1
LOAD build/default/production/mcc_generated_files/src/cpuint.o
LOAD build/default/production/mcc_generated_files/src/protected_io.o
LOAD build/default/production/mcc_generated_files/src/tca0.o
LOAD build/default/production/mcc_generated_files/src/pin_manager.o
LOAD build/default/production/mcc_generated_files/mcc.o
LOAD build/default/production/mcc_generated_files/device_config.o
LOAD build/default/production/main.o
START GROUP
LOAD c:/program files/microchip/xc8/v2.40/avr/bin/../lib/gcc/avr/5.4.0/../../../../avr/lib/avrxmega4/memx-const\libm.a
END GROUP
START GROUP
LOAD c:/program files/microchip/xc8/v2.40/avr/bin/../lib/gcc/avr/5.4.0/avrxmega4/memx-const\libgcc.a
LOAD c:/program files/microchip/xc8/v2.40/avr/bin/../lib/gcc/avr/5.4.0/../../../../avr/lib/avrxmega4/memx-const\libm.a
LOAD c:/program files/microchip/xc8/v2.40/avr/bin/../lib/gcc/avr/5.4.0/../../../../avr/lib/avrxmega4/memx-const\libc.a
LOAD C:/Program Files/Microchip/MPLABX/v6.05/packs/Microchip/AVR-Dx_DFP/2.2.159/xc8/avr/lib/avrxmega4/memx-const\libavr128da48.a
END GROUP
                [0x0000000000000000]                __TEXT_REGION_ORIGIN__ = DEFINED (__TEXT_REGION_ORIGIN__)?__TEXT_REGION_ORIGIN__:0x0
                [0x0000000000804000]                __DATA_REGION_ORIGIN__ = DEFINED (__DATA_REGION_ORIGIN__)?__DATA_REGION_ORIGIN__:0x802000
                [0x0000000000020000]                __TEXT_REGION_LENGTH__ = DEFINED (__TEXT_REGION_LENGTH__)?__TEXT_REGION_LENGTH__:0x100000
                [0x0000000000004000]                __DATA_REGION_LENGTH__ = DEFINED (__DATA_REGION_LENGTH__)?__DATA_REGION_LENGTH__:0xffa0
                [0x0000000000000200]                __EEPROM_REGION_LENGTH__ = DEFINED (__EEPROM_REGION_LENGTH__)?__EEPROM_REGION_LENGTH__:0x10000
                [0x0000000000000010]                __FUSE_REGION_LENGTH__ = DEFINED (__FUSE_REGION_LENGTH__)?__FUSE_REGION_LENGTH__:0x400
                0x0000000000000400                __LOCK_REGION_LENGTH__ = DEFINED (__LOCK_REGION_LENGTH__)?__LOCK_REGION_LENGTH__:0x400
                0x0000000000000400                __SIGNATURE_REGION_LENGTH__ = DEFINED (__SIGNATURE_REGION_LENGTH__)?__SIGNATURE_REGION_LENGTH__:0x400
                0x0000000000000400                __USER_SIGNATURE_REGION_LENGTH__ = DEFINED (__USER_SIGNATURE_REGION_LENGTH__)?__USER_SIGNATURE_REGION_LENGTH__:0x400

.hash
 *(.hash)

.dynsym
 *(.dynsym)

.dynstr
 *(.dynstr)

.gnu.version
 *(.gnu.version)

.gnu.version_d
 *(.gnu.version_d)

.gnu.version_r
 *(.gnu.version_r)

.rel.init
 *(.rel.init)

.rela.init
 *(.rela.init)

.rel.text
 *(.rel.text)
 *(.rel.text.*)
 *(.rel.gnu.linkonce.t*)

.rela.text
 *(.rela.text)
 *(.rela.text.*)
 *(.rela.gnu.linkonce.t*)

.rel.fini
 *(.rel.fini)

.rela.fini
 *(.rela.fini)

.rel.rodata
 *(.rel.rodata)
 *(.rel.rodata.*)
 *(.rel.gnu.linkonce.r*)

.rela.rodata
 *(.rela.rodata)
 *(.rela.rodata.*)
 *(.rela.gnu.linkonce.r*)

.rel.data
 *(.rel.data)
 *(.rel.data.*)
 *(.rel.gnu.linkonce.d*)

.rela.data
 *(.rela.data)
 *(.rela.data.*)
 *(.rela.gnu.linkonce.d*)

.rel.ctors
 *(.rel.ctors)

.rela.ctors
 *(.rela.ctors)

.rel.dtors
 *(.rel.dtors)

.rela.dtors
 *(.rela.dtors)

.rel.got
 *(.rel.got)

.rela.got
 *(.rela.got)

.rel.bss
 *(.rel.bss)

.rela.bss
 *(.rela.bss)

.rel.plt
 *(.rel.plt)

.rela.plt
 *(.rela.plt)

.text           0x0000000000000000      0x14c
 *(.vectors)
 .vectors       0x0000000000000000       0xe8 C:/Program Files/Microchip/MPLABX/v6.05/packs/Microchip/AVR-Dx_DFP/2.2.159/xc8/avr/lib/avrxmega4/memx-const/crtavr128da48.o
                0x0000000000000000                __vector_default
                0x0000000000000000                __vectors
 *(.vectors)
 *(.progmem.gcc*)
 *(.dinit)
 .dinit         0x00000000000000e8        0xc data_init
                0x00000000000000f4                . = ALIGN (0x2)
 *fill*         0x00000000000000f4        0x0 
                0x00000000000000f4                __trampolines_start = .
 *(.trampolines)
 .trampolines   0x00000000000000f4        0x0 linker stubs
 *(.trampolines*)
                0x00000000000000f4                __trampolines_end = .
 *libprintf_flt.a:*(.progmem.data)
 *libc.a:*(.progmem.data)
                0x00000000000000f4                . = ALIGN (0x2)
 *(.jumptables)
 *(.jumptables*)
 *(.lowtext)
 *(.lowtext*)
                0x00000000000000f4                __ctors_start = .
 *(.ctors)
                0x00000000000000f4                __ctors_end = .
                0x00000000000000f4                __dtors_start = .
 *(.dtors)
                0x00000000000000f4                __dtors_end = .
 SORT(*)(.ctors)
 SORT(*)(.dtors)
 *(.init0)
 .init0         0x00000000000000f4        0x0 C:/Program Files/Microchip/MPLABX/v6.05/packs/Microchip/AVR-Dx_DFP/2.2.159/xc8/avr/lib/avrxmega4/memx-const/crtavr128da48.o
                0x00000000000000f4                __init
 *(.init0)
 *(.init1)
 *(.init1)
 *(.init2)
 .init2         0x00000000000000f4        0xc C:/Program Files/Microchip/MPLABX/v6.05/packs/Microchip/AVR-Dx_DFP/2.2.159/xc8/avr/lib/avrxmega4/memx-const/crtavr128da48.o
 *(.init2)
 *(.init3)
 *(.init3)
 *(.init4)
 .init4         0x0000000000000100       0x40 c:/program files/microchip/xc8/v2.40/avr/bin/../lib/gcc/avr/5.4.0/avrxmega4/memx-const\libgcc.a(_copy_data.o)
                0x0000000000000100                __do_copy_data
                0x0000000000000132                __do_clear_bss
 *(.init4)
 *(.init5)
 *(.init5)
 *(.init6)
 *(.init6)
 *(.init7)
 *(.init7)
 *(.init8)
 *(.init8)
 *(.init9)
 .init9         0x0000000000000140        0x8 C:/Program Files/Microchip/MPLABX/v6.05/packs/Microchip/AVR-Dx_DFP/2.2.159/xc8/avr/lib/avrxmega4/memx-const/crtavr128da48.o
 *(.init9)
                0x0000000000000148                . = ALIGN (0x2)
 *(.fini9)
 .fini9         0x0000000000000148        0x0 c:/program files/microchip/xc8/v2.40/avr/bin/../lib/gcc/avr/5.4.0/avrxmega4/memx-const\libgcc.a(_exit.o)
                0x0000000000000148                _exit
 *(.fini9)
 *(.fini8)
 *(.fini8)
 *(.fini7)
 *(.fini7)
 *(.fini6)
 *(.fini6)
 *(.fini5)
 *(.fini5)
 *(.fini4)
 *(.fini4)
 *(.fini3)
 *(.fini3)
 *(.fini2)
 *(.fini2)
 *(.fini1)
 *(.fini1)
 *(.fini0)
 .fini0         0x0000000000000148        0x4 c:/program files/microchip/xc8/v2.40/avr/bin/../lib/gcc/avr/5.4.0/avrxmega4/memx-const\libgcc.a(_exit.o)
 *(.fini0)
                0x000000000000014c                _etext = .

.data           0x0000000000804000        0x0 load address 0x000000000000014c
                [!provide]                        PROVIDE (__data_start, .)
 *(.gnu.linkonce.d*)
 *(.gnu.linkonce.r*)
                0x0000000000804000                . = ALIGN (0x2)
                0x0000000000804000                _edata = .
                [!provide]                        PROVIDE (__data_end, .)

.bss            0x0000000000804000        0x0
                [!provide]                        PROVIDE (__bss_start, .)
 *(COMMON)
                [!provide]                        PROVIDE (__bss_end, .)
                0x000000000000014c                __data_load_start = LOADADDR (.data)
                0x000000000000014c                __data_load_end = (__data_load_start + SIZEOF (.data))

.noinit         0x0000000000804000        0x0
                [!provide]                        PROVIDE (__noinit_start, .)
 *(.noinit*)
                [!provide]                        PROVIDE (__noinit_end, .)
                0x0000000000804000                _end = .

.eeprom         0x0000000000810000        0x0
 *(.eeprom*)
                0x0000000000810000                __eeprom_end = .

.fuse           0x0000000000820000        0x9
 *(.fuse)
 .fuse          0x0000000000820000        0x9 build/default/production/mcc_generated_files/device_config.o
                0x0000000000820000                __fuse
 *(.lfuse)
 *(.hfuse)
 *(.efuse)

.lock
 *(.lock*)

.signature
 *(.signature*)

.user_signatures
 *(.user_signatures*)

.stab
 *(.stab)

.stabstr
 *(.stabstr)

.stab.excl
 *(.stab.excl)

.stab.exclstr
 *(.stab.exclstr)

.stab.index
 *(.stab.index)

.stab.indexstr
 *(.stab.indexstr)

.comment        0x0000000000000000       0x2f
 *(.comment)
 .comment       0x0000000000000000       0x2f build/default/production/mcc_generated_files/src/cpuint.o
                                         0x30 (size before relaxing)
 .comment       0x000000000000002f       0x30 build/default/production/mcc_generated_files/src/tca0.o
 .comment       0x000000000000002f       0x30 build/default/production/mcc_generated_files/src/pin_manager.o
 .comment       0x000000000000002f       0x30 build/default/production/mcc_generated_files/mcc.o
 .comment       0x000000000000002f       0x30 build/default/production/mcc_generated_files/device_config.o
 .comment       0x000000000000002f       0x30 build/default/production/main.o
 .comment       0x000000000000002f       0x30 c:/program files/microchip/xc8/v2.40/avr/bin/../lib/gcc/avr/5.4.0/../../../../avr/lib/avrxmega4/memx-const\libc.a(exit.o)
 .comment       0x000000000000002f       0x30 c:/program files/microchip/xc8/v2.40/avr/bin/../lib/gcc/avr/5.4.0/../../../../avr/lib/avrxmega4/memx-const\libc.a(_Exit.o)

.note.GNU-stack
                0x0000000000000000        0x0
 .note.GNU-stack
                0x0000000000000000        0x0 c:/program files/microchip/xc8/v2.40/avr/bin/../lib/gcc/avr/5.4.0/../../../../avr/lib/avrxmega4/memx-const\libc.a(exit.o)
 .note.GNU-stack
                0x0000000000000000        0x0 c:/program files/microchip/xc8/v2.40/avr/bin/../lib/gcc/avr/5.4.0/../../../../avr/lib/avrxmega4/memx-const\libc.a(_Exit.o)

.stack.descriptors.hdr
                0x0000000000000000        0xe
 .stack.descriptors.hdr
                0x0000000000000000        0xe c:/program files/microchip/xc8/v2.40/avr/bin/../lib/gcc/avr/5.4.0/avrxmega4/memx-const\libgcc.a(_exit.o)

.note.gnu.build-id
 *(.note.gnu.build-id)

.debug
 *(.debug)

.line
 *(.line)

.debug_srcinfo
 *(.debug_srcinfo)

.debug_sfnames
 *(.debug_sfnames)

.debug_aranges  0x0000000000000000      0x210
 *(.debug_aranges)
 .debug_aranges
                0x0000000000000000       0x20 build/default/production/mcc_generated_files/src/cpuint.o
 .debug_aranges
                0x0000000000000020       0x20 build/default/production/mcc_generated_files/src/protected_io.o
 .debug_aranges
                0x0000000000000040       0xe0 build/default/production/mcc_generated_files/src/tca0.o
 .debug_aranges
                0x0000000000000120       0x68 build/default/production/mcc_generated_files/src/pin_manager.o
 .debug_aranges
                0x0000000000000188       0x48 build/default/production/mcc_generated_files/mcc.o
 .debug_aranges
                0x00000000000001d0       0x18 build/default/production/mcc_generated_files/device_config.o
 .debug_aranges
                0x00000000000001e8       0x28 build/default/production/main.o

.debug_pubnames
 *(.debug_pubnames)

.debug_info     0x0000000000000000     0x6389
 *(.debug_info .gnu.linkonce.wi.*)
 .debug_info    0x0000000000000000     0x3227 C:/Program Files/Microchip/MPLABX/v6.05/packs/Microchip/AVR-Dx_DFP/2.2.159/xc8/avr/lib/avrxmega4/memx-const/crtavr128da48.o
 .debug_info    0x0000000000003227      0x3f6 build/default/production/mcc_generated_files/src/cpuint.o
 .debug_info    0x000000000000361d       0x7c build/default/production/mcc_generated_files/src/protected_io.o
 .debug_info    0x0000000000003699      0xe54 build/default/production/mcc_generated_files/src/tca0.o
 .debug_info    0x00000000000044ed      0x96d build/default/production/mcc_generated_files/src/pin_manager.o
 .debug_info    0x0000000000004e5a      0x9d3 build/default/production/mcc_generated_files/mcc.o
 .debug_info    0x000000000000582d      0x85f build/default/production/mcc_generated_files/device_config.o
 .debug_info    0x000000000000608c      0x2fd build/default/production/main.o

.debug_abbrev   0x0000000000000000     0x3636
 *(.debug_abbrev)
 .debug_abbrev  0x0000000000000000     0x2f80 C:/Program Files/Microchip/MPLABX/v6.05/packs/Microchip/AVR-Dx_DFP/2.2.159/xc8/avr/lib/avrxmega4/memx-const/crtavr128da48.o
 .debug_abbrev  0x0000000000002f80       0xfa build/default/production/mcc_generated_files/src/cpuint.o
 .debug_abbrev  0x000000000000307a       0x14 build/default/production/mcc_generated_files/src/protected_io.o
 .debug_abbrev  0x000000000000308e      0x19e build/default/production/mcc_generated_files/src/tca0.o
 .debug_abbrev  0x000000000000322c      0x160 build/default/production/mcc_generated_files/src/pin_manager.o
 .debug_abbrev  0x000000000000338c      0x169 build/default/production/mcc_generated_files/mcc.o
 .debug_abbrev  0x00000000000034f5       0x97 build/default/production/mcc_generated_files/device_config.o
 .debug_abbrev  0x000000000000358c       0xaa build/default/production/main.o

.debug_line     0x0000000000000000     0x10c7
 *(.debug_line .debug_line.* .debug_line_end)
 .debug_line    0x0000000000000000      0x1f6 C:/Program Files/Microchip/MPLABX/v6.05/packs/Microchip/AVR-Dx_DFP/2.2.159/xc8/avr/lib/avrxmega4/memx-const/crtavr128da48.o
 .debug_line    0x00000000000001f6      0x195 build/default/production/mcc_generated_files/src/cpuint.o
 .debug_line    0x000000000000038b       0x6c build/default/production/mcc_generated_files/src/protected_io.o
 .debug_line    0x00000000000003f7      0x417 build/default/production/mcc_generated_files/src/tca0.o
 .debug_line    0x000000000000080e      0x46f build/default/production/mcc_generated_files/src/pin_manager.o
 .debug_line    0x0000000000000c7d      0x25d build/default/production/mcc_generated_files/mcc.o
 .debug_line    0x0000000000000eda       0xfa build/default/production/mcc_generated_files/device_config.o
 .debug_line    0x0000000000000fd4       0xf3 build/default/production/main.o

.debug_frame    0x0000000000000000      0x450
 *(.debug_frame)
 .debug_frame   0x0000000000000000       0x24 build/default/production/mcc_generated_files/src/cpuint.o
 .debug_frame   0x0000000000000024      0x2c4 build/default/production/mcc_generated_files/src/tca0.o
 .debug_frame   0x00000000000002e8       0xc0 build/default/production/mcc_generated_files/src/pin_manager.o
 .debug_frame   0x00000000000003a8       0x74 build/default/production/mcc_generated_files/mcc.o
 .debug_frame   0x000000000000041c       0x34 build/default/production/main.o

.debug_str      0x0000000000000000     0x164b
 *(.debug_str)
 .debug_str     0x0000000000000000     0x153f C:/Program Files/Microchip/MPLABX/v6.05/packs/Microchip/AVR-Dx_DFP/2.2.159/xc8/avr/lib/avrxmega4/memx-const/crtavr128da48.o
 .debug_str     0x000000000000153f       0x13 build/default/production/mcc_generated_files/src/cpuint.o
 .debug_str     0x0000000000001552       0x52 build/default/production/mcc_generated_files/src/tca0.o
 .debug_str     0x00000000000015a4       0x1c build/default/production/mcc_generated_files/src/pin_manager.o
 .debug_str     0x00000000000015c0       0x62 build/default/production/mcc_generated_files/mcc.o
 .debug_str     0x0000000000001622        0x0 build/default/production/mcc_generated_files/device_config.o
 .debug_str     0x0000000000001622       0x29 build/default/production/main.o

.debug_loc      0x0000000000000000      0x23d
 *(.debug_loc)
 .debug_loc     0x0000000000000000       0x2a build/default/production/mcc_generated_files/src/cpuint.o
 .debug_loc     0x000000000000002a       0x78 build/default/production/mcc_generated_files/src/pin_manager.o
 .debug_loc     0x00000000000000a2      0x19b build/default/production/mcc_generated_files/mcc.o

.debug_macinfo
 *(.debug_macinfo)

.debug_weaknames
 *(.debug_weaknames)

.debug_funcnames
 *(.debug_funcnames)

.debug_typenames
 *(.debug_typenames)

.debug_varnames
 *(.debug_varnames)

.debug_pubtypes
 *(.debug_pubtypes)

.debug_ranges   0x0000000000000000      0x188
 *(.debug_ranges)
 .debug_ranges  0x0000000000000000       0x10 build/default/production/mcc_generated_files/src/cpuint.o
 .debug_ranges  0x0000000000000010       0xd0 build/default/production/mcc_generated_files/src/tca0.o
 .debug_ranges  0x00000000000000e0       0x58 build/default/production/mcc_generated_files/src/pin_manager.o
 .debug_ranges  0x0000000000000138       0x38 build/default/production/mcc_generated_files/mcc.o
 .debug_ranges  0x0000000000000170       0x18 build/default/production/main.o

.debug_macro
 *(.debug_macro)
OUTPUT(dist/default/production/ghLedTimer.X.production.elf elf32-avr)
LOAD linker stubs
LOAD data_init

.note.gnu.avr.deviceinfo
                0x0000000000000000       0x40
 .note.gnu.avr.deviceinfo
                0x0000000000000000       0x40 C:/Program Files/Microchip/MPLABX/v6.05/packs/Microchip/AVR-Dx_DFP/2.2.159/xc8/avr/lib/avrxmega4/memx-const/crtavr128da48.o

.bss.count      0x0000000000804008        0x2
 .bss.count     0x0000000000804008        0x2 build/default/production/main.o
                0x0000000000804008                count

.text.PIN_MANAGER_Initialize
                0x000000000000014c      0x13e
 .text.PIN_MANAGER_Initialize
                0x000000000000014c      0x13e build/default/production/mcc_generated_files/src/pin_manager.o
                0x000000000000014c                PIN_MANAGER_Initialize

.text.PORT_Initialize
                0x000000000000028a       0x6e
 .text.PORT_Initialize
                0x000000000000028a       0x6e build/default/production/mcc_generated_files/src/pin_manager.o
                0x000000000000028a                PORT_Initialize

.text.__vector_9
                0x00000000000002f8       0x60
 .text.__vector_9
                0x00000000000002f8       0x60 build/default/production/mcc_generated_files/src/tca0.o
                0x00000000000002f8                __vector_9

.text.__vector_10
                0x0000000000000358       0x60
 .text.__vector_10
                0x0000000000000358       0x60 build/default/production/mcc_generated_files/src/tca0.o
                0x0000000000000358                __vector_10

.text.__vector_11
                0x00000000000003b8       0x60
 .text.__vector_11
                0x00000000000003b8       0x60 build/default/production/mcc_generated_files/src/tca0.o
                0x00000000000003b8                __vector_11

.text.__vector_7
                0x0000000000000418       0x60
 .text.__vector_7
                0x0000000000000418       0x60 build/default/production/mcc_generated_files/src/tca0.o
                0x0000000000000418                __vector_7

.text.CLKCTRL_Initialize
                0x0000000000000478       0x58
 .text.CLKCTRL_Initialize
                0x0000000000000478       0x58 build/default/production/mcc_generated_files/mcc.o
                0x0000000000000478                CLKCTRL_Initialize

.text.TCA0_Initialize
                0x00000000000004d0       0x40
 .text.TCA0_Initialize
                0x00000000000004d0       0x40 build/default/production/mcc_generated_files/src/tca0.o
                0x00000000000004d0                TCA0_Initialize

.text.TCA0_Overflow_ISR
                0x0000000000000510       0x26
 .text.TCA0_Overflow_ISR
                0x0000000000000510       0x26 build/default/production/main.o
                0x0000000000000510                TCA0_Overflow_ISR

.text.SYSTEM_Initialize
                0x0000000000000536       0x1e
 .text.SYSTEM_Initialize
                0x0000000000000536       0x1e build/default/production/mcc_generated_files/mcc.o
                0x0000000000000536                SYSTEM_Initialize

.text.CPUINT_Initialize
                0x0000000000000554       0x1a
 .text.CPUINT_Initialize
                0x0000000000000554       0x1a build/default/production/mcc_generated_files/src/cpuint.o
                0x0000000000000554                CPUINT_Initialize

.text.BOD_Initialize
                0x000000000000056e       0x18
 .text.BOD_Initialize
                0x000000000000056e       0x18 build/default/production/mcc_generated_files/mcc.o
                0x000000000000056e                BOD_Initialize

.text.exit      0x0000000000000586       0x16
 .text.exit     0x0000000000000586       0x16 c:/program files/microchip/xc8/v2.40/avr/bin/../lib/gcc/avr/5.4.0/../../../../avr/lib/avrxmega4/memx-const\libc.a(exit.o)
                0x0000000000000586                exit

.text.SLPCTRL_Initialize
                0x000000000000059c       0x10
 .text.SLPCTRL_Initialize
                0x000000000000059c       0x10 build/default/production/mcc_generated_files/mcc.o
                0x000000000000059c                SLPCTRL_Initialize

.text.WDT_Initialize
                0x00000000000005ac       0x10
 .text.WDT_Initialize
                0x00000000000005ac       0x10 build/default/production/mcc_generated_files/mcc.o
                0x00000000000005ac                WDT_Initialize

.text.main      0x00000000000005bc        0xe
 .text.main     0x00000000000005bc        0xe build/default/production/main.o
                0x00000000000005bc                main

.text.__vector_2
                0x00000000000005ca        0xc
 .text.__vector_2
                0x00000000000005ca        0xc build/default/production/mcc_generated_files/mcc.o
                0x00000000000005ca                __vector_2

.text.protected_write_io
                0x00000000000005d6        0xa
 .text.protected_write_io
                0x00000000000005d6        0xa build/default/production/mcc_generated_files/src/protected_io.o
                0x00000000000005d6                protected_write_io

.text.TCA0_SetOVFIsrCallback
                0x00000000000005e0        0xa
 .text.TCA0_SetOVFIsrCallback
                0x00000000000005e0        0xa build/default/production/mcc_generated_files/src/tca0.o
                0x00000000000005e0                TCA0_SetOVFIsrCallback

.text           0x00000000000005ea        0x4
 .text          0x00000000000005ea        0x4 C:/Program Files/Microchip/MPLABX/v6.05/packs/Microchip/AVR-Dx_DFP/2.2.159/xc8/avr/lib/avrxmega4/memx-const/crtavr128da48.o
                0x00000000000005ea                __vector_38
                0x00000000000005ea                __vector_22
                0x00000000000005ea                __vector_28
                0x00000000000005ea                __vector_1
                0x00000000000005ea                __vector_32
                0x00000000000005ea                __vector_34
                0x00000000000005ea                __vector_24
                0x00000000000005ea                __vector_12
                0x00000000000005ea                __vector_55
                0x00000000000005ea                __vector_46
                0x00000000000005ea                __bad_interrupt
                0x00000000000005ea                __vector_6
                0x00000000000005ea                __vector_31
                0x00000000000005ea                __vector_35
                0x00000000000005ea                __vector_39
                0x00000000000005ea                __vector_3
                0x00000000000005ea                __vector_23
                0x00000000000005ea                __vector_30
                0x00000000000005ea                __vector_45
                0x00000000000005ea                __vector_25
                0x00000000000005ea                __vector_54
                0x00000000000005ea                __vector_13
                0x00000000000005ea                __vector_17
                0x00000000000005ea                __vector_19
                0x00000000000005ea                __vector_56
                0x00000000000005ea                __vector_49
                0x00000000000005ea                __vector_41
                0x00000000000005ea                __vector_43
                0x00000000000005ea                __vector_27
                0x00000000000005ea                __vector_5
                0x00000000000005ea                __vector_33
                0x00000000000005ea                __vector_47
                0x00000000000005ea                __vector_52
                0x00000000000005ea                __vector_37
                0x00000000000005ea                __vector_4
                0x00000000000005ea                __vector_44
                0x00000000000005ea                __vector_51
                0x00000000000005ea                __vector_21
                0x00000000000005ea                __vector_15
                0x00000000000005ea                __vector_36
                0x00000000000005ea                __vector_29
                0x00000000000005ea                __vector_40
                0x00000000000005ea                __vector_8
                0x00000000000005ea                __vector_26
                0x00000000000005ea                __vector_48
                0x00000000000005ea                __vector_14
                0x00000000000005ea                __vector_57
                0x00000000000005ea                __vector_53
                0x00000000000005ea                __vector_50
                0x00000000000005ea                __vector_16
                0x00000000000005ea                __vector_18
                0x00000000000005ea                __vector_20
                0x00000000000005ea                __vector_42

.text._Exit     0x00000000000005ee        0x4
 .text._Exit    0x00000000000005ee        0x4 c:/program files/microchip/xc8/v2.40/avr/bin/../lib/gcc/avr/5.4.0/../../../../avr/lib/avrxmega4/memx-const\libc.a(_Exit.o)
                0x00000000000005ee                _Exit

.text.TCA0_DefaultCMP0IsrCallback
                0x00000000000005f2        0x2
 .text.TCA0_DefaultCMP0IsrCallback
                0x00000000000005f2        0x2 build/default/production/mcc_generated_files/src/tca0.o
                0x00000000000005f2                TCA0_DefaultCMP0IsrCallback

.text.TCA0_DefaultCMP1IsrCallback
                0x00000000000005f4        0x2
 .text.TCA0_DefaultCMP1IsrCallback
                0x00000000000005f4        0x2 build/default/production/mcc_generated_files/src/tca0.o
                0x00000000000005f4                TCA0_DefaultCMP1IsrCallback

.text.TCA0_DefaultCMP2IsrCallback
                0x00000000000005f6        0x2
 .text.TCA0_DefaultCMP2IsrCallback
                0x00000000000005f6        0x2 build/default/production/mcc_generated_files/src/tca0.o
                0x00000000000005f6                TCA0_DefaultCMP2IsrCallback

.text.TCA0_DefaultOVFIsrCallback
                0x00000000000005f8        0x2
 .text.TCA0_DefaultOVFIsrCallback
                0x00000000000005f8        0x2 build/default/production/mcc_generated_files/src/tca0.o
                0x00000000000005f8                TCA0_DefaultOVFIsrCallback

.text.__dummy_fini
                0x00000000000005fa        0x2
 .text.__dummy_fini
                0x00000000000005fa        0x2 c:/program files/microchip/xc8/v2.40/avr/bin/../lib/gcc/avr/5.4.0/../../../../avr/lib/avrxmega4/memx-const\libc.a(exit.o)
                0x00000000000005fa                _fini

.text.__dummy_funcs_on_exit
                0x00000000000005fc        0x2
 .text.__dummy_funcs_on_exit
                0x00000000000005fc        0x2 c:/program files/microchip/xc8/v2.40/avr/bin/../lib/gcc/avr/5.4.0/../../../../avr/lib/avrxmega4/memx-const\libc.a(exit.o)
                0x00000000000005fc                __funcs_on_exit

.text.__dummy_simulator_exit
                0x00000000000005fe        0x2
 .text.__dummy_simulator_exit
                0x00000000000005fe        0x2 c:/program files/microchip/xc8/v2.40/avr/bin/../lib/gcc/avr/5.4.0/../../../../avr/lib/avrxmega4/memx-const\libc.a(exit.o)
                0x00000000000005fe                __simulator_exit

.data.TCA0_OVF_isr_cb
                0x0000000000804000        0x2 load address 0x0000000000000600
 .data.TCA0_OVF_isr_cb
                0x0000000000804000        0x2 build/default/production/mcc_generated_files/src/tca0.o
                0x0000000000804000                TCA0_OVF_isr_cb

.data.TCA0_CMP2_isr_cb
                0x0000000000804002        0x2 load address 0x0000000000000602
 .data.TCA0_CMP2_isr_cb
                0x0000000000804002        0x2 build/default/production/mcc_generated_files/src/tca0.o
                0x0000000000804002                TCA0_CMP2_isr_cb

.data.TCA0_CMP1_isr_cb
                0x0000000000804004        0x2 load address 0x0000000000000604
 .data.TCA0_CMP1_isr_cb
                0x0000000000804004        0x2 build/default/production/mcc_generated_files/src/tca0.o
                0x0000000000804004                TCA0_CMP1_isr_cb

.data.TCA0_CMP0_isr_cb
                0x0000000000804006        0x2 load address 0x0000000000000606
 .data.TCA0_CMP0_isr_cb
                0x0000000000804006        0x2 build/default/production/mcc_generated_files/src/tca0.o
                0x0000000000804006                TCA0_CMP0_isr_cb
