Archive member included to satisfy reference by file (symbol)

c:/program files/microchip/xc8/v2.40/avr/bin/../lib/gcc/avr/5.4.0/avrxmega4/memx-const\libgcc.a(_copy_data.o)
                              build/default/production/mcc_generated_files/src/tca1.o (__do_copy_data)
c:/program files/microchip/xc8/v2.40/avr/bin/../lib/gcc/avr/5.4.0/../../../../avr/lib/avrxmega4/memx-const\libc.a(exit.o)
                              C:/Program Files/Microchip/MPLABX/v6.05/packs/Microchip/AVR-Dx_DFP/2.2.159/xc8/avr/lib/avrxmega4/memx-const/crtavr128da48.o (exit)
c:/program files/microchip/xc8/v2.40/avr/bin/../lib/gcc/avr/5.4.0/../../../../avr/lib/avrxmega4/memx-const\libc.a(_Exit.o)
                              c:/program files/microchip/xc8/v2.40/avr/bin/../lib/gcc/avr/5.4.0/../../../../avr/lib/avrxmega4/memx-const\libc.a(exit.o) (_Exit)
c:/program files/microchip/xc8/v2.40/avr/bin/../lib/gcc/avr/5.4.0/avrxmega4/memx-const\libgcc.a(_exit.o)
                              c:/program files/microchip/xc8/v2.40/avr/bin/../lib/gcc/avr/5.4.0/../../../../avr/lib/avrxmega4/memx-const\libc.a(_Exit.o) (_exit)

Discarded input sections

 .data          0x0000000000000000        0x0 C:/Program Files/Microchip/MPLABX/v6.05/packs/Microchip/AVR-Dx_DFP/2.2.159/xc8/avr/lib/avrxmega4/memx-const/crtavr128da48.o
 .bss           0x0000000000000000        0x0 C:/Program Files/Microchip/MPLABX/v6.05/packs/Microchip/AVR-Dx_DFP/2.2.159/xc8/avr/lib/avrxmega4/memx-const/crtavr128da48.o
 .text          0x0000000000000000        0x0 build/default/production/mcc_generated_files/src/cpuint.o
 .data          0x0000000000000000        0x0 build/default/production/mcc_generated_files/src/cpuint.o
 .bss           0x0000000000000000        0x0 build/default/production/mcc_generated_files/src/cpuint.o
 .text          0x0000000000000000        0x0 build/default/production/mcc_generated_files/src/tca1.o
 .data          0x0000000000000000        0x0 build/default/production/mcc_generated_files/src/tca1.o
 .bss           0x0000000000000000        0x0 build/default/production/mcc_generated_files/src/tca1.o
 .text.TCA1_SetOVFIsrCallback
                0x0000000000000000        0xa build/default/production/mcc_generated_files/src/tca1.o
 .text.TCA1_SetCMP0IsrCallback
                0x0000000000000000        0xa build/default/production/mcc_generated_files/src/tca1.o
 .text.TCA1_SetCMP1IsrCallback
                0x0000000000000000        0xa build/default/production/mcc_generated_files/src/tca1.o
 .text.TCA1_SetCMP2IsrCallback
                0x0000000000000000        0xa build/default/production/mcc_generated_files/src/tca1.o
 .text.TCA1_WriteTimer
                0x0000000000000000        0xa build/default/production/mcc_generated_files/src/tca1.o
 .text.TCA1_ReadTimer
                0x0000000000000000        0xa build/default/production/mcc_generated_files/src/tca1.o
 .text.TCA1_EnableInterrupt
                0x0000000000000000        0x8 build/default/production/mcc_generated_files/src/tca1.o
 .text.TCA1_DisableInterrupt
                0x0000000000000000        0x6 build/default/production/mcc_generated_files/src/tca1.o
 .text.TCA1_ClearOverflowInterruptFlag
                0x0000000000000000        0xc build/default/production/mcc_generated_files/src/tca1.o
 .text.TCA1_IsOverflowInterruptEnabled
                0x0000000000000000        0xc build/default/production/mcc_generated_files/src/tca1.o
 .text.TCA1_ClearCMP0InterruptFlag
                0x0000000000000000        0xc build/default/production/mcc_generated_files/src/tca1.o
 .text.TCA1_IsCMP0InterruptEnabled
                0x0000000000000000        0xc build/default/production/mcc_generated_files/src/tca1.o
 .text.TCA1_ClearCMP1InterruptFlag
                0x0000000000000000        0xc build/default/production/mcc_generated_files/src/tca1.o
 .text.TCA1_IsCMP1InterruptEnabled
                0x0000000000000000        0xc build/default/production/mcc_generated_files/src/tca1.o
 .text.TCA1_ClearCMP2InterruptFlag
                0x0000000000000000        0xc build/default/production/mcc_generated_files/src/tca1.o
 .text.TCA1_IsCMP2InterruptEnabled
                0x0000000000000000        0xc build/default/production/mcc_generated_files/src/tca1.o
 .text          0x0000000000000000        0x0 build/default/production/mcc_generated_files/src/protected_io.o
 .data          0x0000000000000000        0x0 build/default/production/mcc_generated_files/src/protected_io.o
 .bss           0x0000000000000000        0x0 build/default/production/mcc_generated_files/src/protected_io.o
 .text          0x0000000000000000        0x0 build/default/production/mcc_generated_files/src/pin_manager.o
 .data          0x0000000000000000        0x0 build/default/production/mcc_generated_files/src/pin_manager.o
 .bss           0x0000000000000000        0x0 build/default/production/mcc_generated_files/src/pin_manager.o
 .text.PORTC_PC6_DefaultInterruptHandler
                0x0000000000000000        0x2 build/default/production/mcc_generated_files/src/pin_manager.o
 .text.PORTC_switch_DefaultInterruptHandler
                0x0000000000000000        0x2 build/default/production/mcc_generated_files/src/pin_manager.o
 .text.PORTC_PC6_SetInterruptHandler
                0x0000000000000000        0x2 build/default/production/mcc_generated_files/src/pin_manager.o
 .text.PORTC_switch_SetInterruptHandler
                0x0000000000000000        0x2 build/default/production/mcc_generated_files/src/pin_manager.o
 .text          0x0000000000000000        0x0 build/default/production/mcc_generated_files/mcc.o
 .data          0x0000000000000000        0x0 build/default/production/mcc_generated_files/mcc.o
 .bss           0x0000000000000000        0x0 build/default/production/mcc_generated_files/mcc.o
 .text          0x0000000000000000        0x0 build/default/production/mcc_generated_files/device_config.o
 .data          0x0000000000000000        0x0 build/default/production/mcc_generated_files/device_config.o
 .bss           0x0000000000000000        0x0 build/default/production/mcc_generated_files/device_config.o
 .text          0x0000000000000000        0x0 build/default/production/main.o
 .data          0x0000000000000000        0x0 build/default/production/main.o
 .bss           0x0000000000000000        0x0 build/default/production/main.o
 .text          0x0000000000000000        0x0 c:/program files/microchip/xc8/v2.40/avr/bin/../lib/gcc/avr/5.4.0/avrxmega4/memx-const\libgcc.a(_copy_data.o)
 .data          0x0000000000000000        0x0 c:/program files/microchip/xc8/v2.40/avr/bin/../lib/gcc/avr/5.4.0/avrxmega4/memx-const\libgcc.a(_copy_data.o)
 .bss           0x0000000000000000        0x0 c:/program files/microchip/xc8/v2.40/avr/bin/../lib/gcc/avr/5.4.0/avrxmega4/memx-const\libgcc.a(_copy_data.o)
 .text.libgcc.mul
                0x0000000000000000        0x0 c:/program files/microchip/xc8/v2.40/avr/bin/../lib/gcc/avr/5.4.0/avrxmega4/memx-const\libgcc.a(_copy_data.o)
 .text.libgcc.div
                0x0000000000000000        0x0 c:/program files/microchip/xc8/v2.40/avr/bin/../lib/gcc/avr/5.4.0/avrxmega4/memx-const\libgcc.a(_copy_data.o)
 .text.libgcc   0x0000000000000000        0x0 c:/program files/microchip/xc8/v2.40/avr/bin/../lib/gcc/avr/5.4.0/avrxmega4/memx-const\libgcc.a(_copy_data.o)
 .text.libgcc.prologue
                0x0000000000000000        0x0 c:/program files/microchip/xc8/v2.40/avr/bin/../lib/gcc/avr/5.4.0/avrxmega4/memx-const\libgcc.a(_copy_data.o)
 .text.libgcc.builtins
                0x0000000000000000        0x0 c:/program files/microchip/xc8/v2.40/avr/bin/../lib/gcc/avr/5.4.0/avrxmega4/memx-const\libgcc.a(_copy_data.o)
 .text.libgcc.fmul
                0x0000000000000000        0x0 c:/program files/microchip/xc8/v2.40/avr/bin/../lib/gcc/avr/5.4.0/avrxmega4/memx-const\libgcc.a(_copy_data.o)
 .text.libgcc.fixed
                0x0000000000000000        0x0 c:/program files/microchip/xc8/v2.40/avr/bin/../lib/gcc/avr/5.4.0/avrxmega4/memx-const\libgcc.a(_copy_data.o)
 .text          0x0000000000000000        0x0 c:/program files/microchip/xc8/v2.40/avr/bin/../lib/gcc/avr/5.4.0/../../../../avr/lib/avrxmega4/memx-const\libc.a(exit.o)
 .data          0x0000000000000000        0x0 c:/program files/microchip/xc8/v2.40/avr/bin/../lib/gcc/avr/5.4.0/../../../../avr/lib/avrxmega4/memx-const\libc.a(exit.o)
 .bss           0x0000000000000000        0x0 c:/program files/microchip/xc8/v2.40/avr/bin/../lib/gcc/avr/5.4.0/../../../../avr/lib/avrxmega4/memx-const\libc.a(exit.o)
 .text          0x0000000000000000        0x0 c:/program files/microchip/xc8/v2.40/avr/bin/../lib/gcc/avr/5.4.0/../../../../avr/lib/avrxmega4/memx-const\libc.a(_Exit.o)
 .data          0x0000000000000000        0x0 c:/program files/microchip/xc8/v2.40/avr/bin/../lib/gcc/avr/5.4.0/../../../../avr/lib/avrxmega4/memx-const\libc.a(_Exit.o)
 .bss           0x0000000000000000        0x0 c:/program files/microchip/xc8/v2.40/avr/bin/../lib/gcc/avr/5.4.0/../../../../avr/lib/avrxmega4/memx-const\libc.a(_Exit.o)
 .text          0x0000000000000000        0x0 c:/program files/microchip/xc8/v2.40/avr/bin/../lib/gcc/avr/5.4.0/avrxmega4/memx-const\libgcc.a(_exit.o)
 .data          0x0000000000000000        0x0 c:/program files/microchip/xc8/v2.40/avr/bin/../lib/gcc/avr/5.4.0/avrxmega4/memx-const\libgcc.a(_exit.o)
 .bss           0x0000000000000000        0x0 c:/program files/microchip/xc8/v2.40/avr/bin/../lib/gcc/avr/5.4.0/avrxmega4/memx-const\libgcc.a(_exit.o)
 .text.libgcc.mul
                0x0000000000000000        0x0 c:/program files/microchip/xc8/v2.40/avr/bin/../lib/gcc/avr/5.4.0/avrxmega4/memx-const\libgcc.a(_exit.o)
 .text.libgcc.div
                0x0000000000000000        0x0 c:/program files/microchip/xc8/v2.40/avr/bin/../lib/gcc/avr/5.4.0/avrxmega4/memx-const\libgcc.a(_exit.o)
 .text.libgcc   0x0000000000000000        0x0 c:/program files/microchip/xc8/v2.40/avr/bin/../lib/gcc/avr/5.4.0/avrxmega4/memx-const\libgcc.a(_exit.o)
 .text.libgcc.prologue
                0x0000000000000000        0x0 c:/program files/microchip/xc8/v2.40/avr/bin/../lib/gcc/avr/5.4.0/avrxmega4/memx-const\libgcc.a(_exit.o)
 .stack.descriptors
                0x0000000000000000       0x13 c:/program files/microchip/xc8/v2.40/avr/bin/../lib/gcc/avr/5.4.0/avrxmega4/memx-const\libgcc.a(_exit.o)
 .text.libgcc.builtins
                0x0000000000000000        0x0 c:/program files/microchip/xc8/v2.40/avr/bin/../lib/gcc/avr/5.4.0/avrxmega4/memx-const\libgcc.a(_exit.o)
 .text.libgcc.fmul
                0x0000000000000000        0x0 c:/program files/microchip/xc8/v2.40/avr/bin/../lib/gcc/avr/5.4.0/avrxmega4/memx-const\libgcc.a(_exit.o)
 .text.libgcc.fixed
                0x0000000000000000        0x0 c:/program files/microchip/xc8/v2.40/avr/bin/../lib/gcc/avr/5.4.0/avrxmega4/memx-const\libgcc.a(_exit.o)

Memory Configuration

Name             Origin             Length             Attributes
text             0x0000000000000000 0x0000000000020000 xr
data             0x0000000000804000 0x0000000000004000 rw !x
eeprom           0x0000000000810000 0x0000000000000200 rw !x
fuse             0x0000000000820000 0x0000000000000010 rw !x
lock             0x0000000000830000 0x0000000000000400 rw !x
signature        0x0000000000840000 0x0000000000000400 rw !x
user_signatures  0x0000000000850000 0x0000000000000400 rw !x
*default*        0x0000000000000000 0xffffffffffffffff

Linker script and memory map

Address of section .data set to 0x804000
                0x0000000000008000                __RODATA_PM_OFFSET__ = 0x8000
LOAD C:/Program Files/Microchip/MPLABX/v6.05/packs/Microchip/AVR-Dx_DFP/2.2.159/xc8/avr/lib/avrxmega4/memx-const/crtavr128da48.o
                0x0000000000000001                __MPLAB_BUILD = 0x1
LOAD build/default/production/mcc_generated_files/src/cpuint.o
LOAD build/default/production/mcc_generated_files/src/tca1.o
LOAD build/default/production/mcc_generated_files/src/protected_io.o
LOAD build/default/production/mcc_generated_files/src/pin_manager.o
LOAD build/default/production/mcc_generated_files/mcc.o
LOAD build/default/production/mcc_generated_files/device_config.o
LOAD build/default/production/main.o
START GROUP
LOAD c:/program files/microchip/xc8/v2.40/avr/bin/../lib/gcc/avr/5.4.0/../../../../avr/lib/avrxmega4/memx-const\libm.a
END GROUP
START GROUP
LOAD c:/program files/microchip/xc8/v2.40/avr/bin/../lib/gcc/avr/5.4.0/avrxmega4/memx-const\libgcc.a
LOAD c:/program files/microchip/xc8/v2.40/avr/bin/../lib/gcc/avr/5.4.0/../../../../avr/lib/avrxmega4/memx-const\libm.a
LOAD c:/program files/microchip/xc8/v2.40/avr/bin/../lib/gcc/avr/5.4.0/../../../../avr/lib/avrxmega4/memx-const\libc.a
LOAD C:/Program Files/Microchip/MPLABX/v6.05/packs/Microchip/AVR-Dx_DFP/2.2.159/xc8/avr/lib/avrxmega4/memx-const\libavr128da48.a
END GROUP
                [0x0000000000000000]                __TEXT_REGION_ORIGIN__ = DEFINED (__TEXT_REGION_ORIGIN__)?__TEXT_REGION_ORIGIN__:0x0
                [0x0000000000804000]                __DATA_REGION_ORIGIN__ = DEFINED (__DATA_REGION_ORIGIN__)?__DATA_REGION_ORIGIN__:0x802000
                [0x0000000000020000]                __TEXT_REGION_LENGTH__ = DEFINED (__TEXT_REGION_LENGTH__)?__TEXT_REGION_LENGTH__:0x100000
                [0x0000000000004000]                __DATA_REGION_LENGTH__ = DEFINED (__DATA_REGION_LENGTH__)?__DATA_REGION_LENGTH__:0xffa0
                [0x0000000000000200]                __EEPROM_REGION_LENGTH__ = DEFINED (__EEPROM_REGION_LENGTH__)?__EEPROM_REGION_LENGTH__:0x10000
                [0x0000000000000010]                __FUSE_REGION_LENGTH__ = DEFINED (__FUSE_REGION_LENGTH__)?__FUSE_REGION_LENGTH__:0x400
                0x0000000000000400                __LOCK_REGION_LENGTH__ = DEFINED (__LOCK_REGION_LENGTH__)?__LOCK_REGION_LENGTH__:0x400
                0x0000000000000400                __SIGNATURE_REGION_LENGTH__ = DEFINED (__SIGNATURE_REGION_LENGTH__)?__SIGNATURE_REGION_LENGTH__:0x400
                0x0000000000000400                __USER_SIGNATURE_REGION_LENGTH__ = DEFINED (__USER_SIGNATURE_REGION_LENGTH__)?__USER_SIGNATURE_REGION_LENGTH__:0x400

.hash
 *(.hash)

.dynsym
 *(.dynsym)

.dynstr
 *(.dynstr)

.gnu.version
 *(.gnu.version)

.gnu.version_d
 *(.gnu.version_d)

.gnu.version_r
 *(.gnu.version_r)

.rel.init
 *(.rel.init)

.rela.init
 *(.rela.init)

.rel.text
 *(.rel.text)
 *(.rel.text.*)
 *(.rel.gnu.linkonce.t*)

.rela.text
 *(.rela.text)
 *(.rela.text.*)
 *(.rela.gnu.linkonce.t*)

.rel.fini
 *(.rel.fini)

.rela.fini
 *(.rela.fini)

.rel.rodata
 *(.rel.rodata)
 *(.rel.rodata.*)
 *(.rel.gnu.linkonce.r*)

.rela.rodata
 *(.rela.rodata)
 *(.rela.rodata.*)
 *(.rela.gnu.linkonce.r*)

.rel.data
 *(.rel.data)
 *(.rel.data.*)
 *(.rel.gnu.linkonce.d*)

.rela.data
 *(.rela.data)
 *(.rela.data.*)
 *(.rela.gnu.linkonce.d*)

.rel.ctors
 *(.rel.ctors)

.rela.ctors
 *(.rela.ctors)

.rel.dtors
 *(.rel.dtors)

.rela.dtors
 *(.rela.dtors)

.rel.got
 *(.rel.got)

.rela.got
 *(.rela.got)

.rel.bss
 *(.rel.bss)

.rela.bss
 *(.rela.bss)

.rel.plt
 *(.rel.plt)

.rela.plt
 *(.rela.plt)

.text           0x0000000000000000      0x154
 *(.vectors)
 .vectors       0x0000000000000000       0xe8 C:/Program Files/Microchip/MPLABX/v6.05/packs/Microchip/AVR-Dx_DFP/2.2.159/xc8/avr/lib/avrxmega4/memx-const/crtavr128da48.o
                0x0000000000000000                __vector_default
                0x0000000000000000                __vectors
 *(.vectors)
 *(.progmem.gcc*)
 *(.dinit)
 .dinit         0x00000000000000e8       0x13 data_init
                0x00000000000000fc                . = ALIGN (0x2)
 *fill*         0x00000000000000fb        0x1 
                0x00000000000000fc                __trampolines_start = .
 *(.trampolines)
 .trampolines   0x00000000000000fc        0x0 linker stubs
 *(.trampolines*)
                0x00000000000000fc                __trampolines_end = .
 *libprintf_flt.a:*(.progmem.data)
 *libc.a:*(.progmem.data)
                0x00000000000000fc                . = ALIGN (0x2)
 *(.jumptables)
 *(.jumptables*)
 *(.lowtext)
 *(.lowtext*)
                0x00000000000000fc                __ctors_start = .
 *(.ctors)
                0x00000000000000fc                __ctors_end = .
                0x00000000000000fc                __dtors_start = .
 *(.dtors)
                0x00000000000000fc                __dtors_end = .
 SORT(*)(.ctors)
 SORT(*)(.dtors)
 *(.init0)
 .init0         0x00000000000000fc        0x0 C:/Program Files/Microchip/MPLABX/v6.05/packs/Microchip/AVR-Dx_DFP/2.2.159/xc8/avr/lib/avrxmega4/memx-const/crtavr128da48.o
                0x00000000000000fc                __init
 *(.init0)
 *(.init1)
 *(.init1)
 *(.init2)
 .init2         0x00000000000000fc        0xc C:/Program Files/Microchip/MPLABX/v6.05/packs/Microchip/AVR-Dx_DFP/2.2.159/xc8/avr/lib/avrxmega4/memx-const/crtavr128da48.o
 *(.init2)
 *(.init3)
 *(.init3)
 *(.init4)
 .init4         0x0000000000000108       0x40 c:/program files/microchip/xc8/v2.40/avr/bin/../lib/gcc/avr/5.4.0/avrxmega4/memx-const\libgcc.a(_copy_data.o)
                0x0000000000000108                __do_copy_data
                0x000000000000013a                __do_clear_bss
 *(.init4)
 *(.init5)
 *(.init5)
 *(.init6)
 *(.init6)
 *(.init7)
 *(.init7)
 *(.init8)
 *(.init8)
 *(.init9)
 .init9         0x0000000000000148        0x8 C:/Program Files/Microchip/MPLABX/v6.05/packs/Microchip/AVR-Dx_DFP/2.2.159/xc8/avr/lib/avrxmega4/memx-const/crtavr128da48.o
 *(.init9)
                0x0000000000000150                . = ALIGN (0x2)
 *(.fini9)
 .fini9         0x0000000000000150        0x0 c:/program files/microchip/xc8/v2.40/avr/bin/../lib/gcc/avr/5.4.0/avrxmega4/memx-const\libgcc.a(_exit.o)
                0x0000000000000150                _exit
 *(.fini9)
 *(.fini8)
 *(.fini8)
 *(.fini7)
 *(.fini7)
 *(.fini6)
 *(.fini6)
 *(.fini5)
 *(.fini5)
 *(.fini4)
 *(.fini4)
 *(.fini3)
 *(.fini3)
 *(.fini2)
 *(.fini2)
 *(.fini1)
 *(.fini1)
 *(.fini0)
 .fini0         0x0000000000000150        0x4 c:/program files/microchip/xc8/v2.40/avr/bin/../lib/gcc/avr/5.4.0/avrxmega4/memx-const\libgcc.a(_exit.o)
 *(.fini0)
                0x0000000000000154                _etext = .

.data           0x0000000000804000        0x0 load address 0x0000000000000154
                [!provide]                        PROVIDE (__data_start, .)
 *(.gnu.linkonce.d*)
 *(.gnu.linkonce.r*)
                0x0000000000804000                . = ALIGN (0x2)
                0x0000000000804000                _edata = .
                [!provide]                        PROVIDE (__data_end, .)

.bss            0x0000000000804000        0x0
                [!provide]                        PROVIDE (__bss_start, .)
 *(COMMON)
                [!provide]                        PROVIDE (__bss_end, .)
                0x0000000000000154                __data_load_start = LOADADDR (.data)
                0x0000000000000154                __data_load_end = (__data_load_start + SIZEOF (.data))

.noinit         0x0000000000804000        0x0
                [!provide]                        PROVIDE (__noinit_start, .)
 *(.noinit*)
                [!provide]                        PROVIDE (__noinit_end, .)
                0x0000000000804000                _end = .

.eeprom         0x0000000000810000        0x0
 *(.eeprom*)
                0x0000000000810000                __eeprom_end = .

.fuse           0x0000000000820000        0x9
 *(.fuse)
 .fuse          0x0000000000820000        0x9 build/default/production/mcc_generated_files/device_config.o
                0x0000000000820000                __fuse
 *(.lfuse)
 *(.hfuse)
 *(.efuse)

.lock
 *(.lock*)

.signature
 *(.signature*)

.user_signatures
 *(.user_signatures*)

.stab
 *(.stab)

.stabstr
 *(.stabstr)

.stab.excl
 *(.stab.excl)

.stab.exclstr
 *(.stab.exclstr)

.stab.index
 *(.stab.index)

.stab.indexstr
 *(.stab.indexstr)

.comment        0x0000000000000000       0x2f
 *(.comment)
 .comment       0x0000000000000000       0x2f build/default/production/mcc_generated_files/src/cpuint.o
                                         0x30 (size before relaxing)
 .comment       0x000000000000002f       0x30 build/default/production/mcc_generated_files/src/tca1.o
 .comment       0x000000000000002f       0x30 build/default/production/mcc_generated_files/src/pin_manager.o
 .comment       0x000000000000002f       0x30 build/default/production/mcc_generated_files/mcc.o
 .comment       0x000000000000002f       0x30 build/default/production/mcc_generated_files/device_config.o
 .comment       0x000000000000002f       0x30 build/default/production/main.o
 .comment       0x000000000000002f       0x30 c:/program files/microchip/xc8/v2.40/avr/bin/../lib/gcc/avr/5.4.0/../../../../avr/lib/avrxmega4/memx-const\libc.a(exit.o)
 .comment       0x000000000000002f       0x30 c:/program files/microchip/xc8/v2.40/avr/bin/../lib/gcc/avr/5.4.0/../../../../avr/lib/avrxmega4/memx-const\libc.a(_Exit.o)

.note.GNU-stack
                0x0000000000000000        0x0
 .note.GNU-stack
                0x0000000000000000        0x0 c:/program files/microchip/xc8/v2.40/avr/bin/../lib/gcc/avr/5.4.0/../../../../avr/lib/avrxmega4/memx-const\libc.a(exit.o)
 .note.GNU-stack
                0x0000000000000000        0x0 c:/program files/microchip/xc8/v2.40/avr/bin/../lib/gcc/avr/5.4.0/../../../../avr/lib/avrxmega4/memx-const\libc.a(_Exit.o)

.stack.descriptors.hdr
                0x0000000000000000        0xe
 .stack.descriptors.hdr
                0x0000000000000000        0xe c:/program files/microchip/xc8/v2.40/avr/bin/../lib/gcc/avr/5.4.0/avrxmega4/memx-const\libgcc.a(_exit.o)

.note.gnu.build-id
 *(.note.gnu.build-id)

.debug
 *(.debug)

.line
 *(.line)

.debug_srcinfo
 *(.debug_srcinfo)

.debug_sfnames
 *(.debug_sfnames)

.debug_aranges  0x0000000000000000      0x1e8
 *(.debug_aranges)
 .debug_aranges
                0x0000000000000000       0x20 build/default/production/mcc_generated_files/src/cpuint.o
 .debug_aranges
                0x0000000000000020       0xe0 build/default/production/mcc_generated_files/src/tca1.o
 .debug_aranges
                0x0000000000000100       0x20 build/default/production/mcc_generated_files/src/protected_io.o
 .debug_aranges
                0x0000000000000120       0x48 build/default/production/mcc_generated_files/src/pin_manager.o
 .debug_aranges
                0x0000000000000168       0x48 build/default/production/mcc_generated_files/mcc.o
 .debug_aranges
                0x00000000000001b0       0x18 build/default/production/mcc_generated_files/device_config.o
 .debug_aranges
                0x00000000000001c8       0x20 build/default/production/main.o

.debug_pubnames
 *(.debug_pubnames)

.debug_info     0x0000000000000000     0x6a5d
 *(.debug_info .gnu.linkonce.wi.*)
 .debug_info    0x0000000000000000     0x3227 C:/Program Files/Microchip/MPLABX/v6.05/packs/Microchip/AVR-Dx_DFP/2.2.159/xc8/avr/lib/avrxmega4/memx-const/crtavr128da48.o
 .debug_info    0x0000000000003227      0x3fc build/default/production/mcc_generated_files/src/cpuint.o
 .debug_info    0x0000000000003623      0xe5c build/default/production/mcc_generated_files/src/tca1.o
 .debug_info    0x000000000000447f       0x82 build/default/production/mcc_generated_files/src/protected_io.o
 .debug_info    0x0000000000004501      0x821 build/default/production/mcc_generated_files/src/pin_manager.o
 .debug_info    0x0000000000004d22      0x9d9 build/default/production/mcc_generated_files/mcc.o
 .debug_info    0x00000000000056fb      0x865 build/default/production/mcc_generated_files/device_config.o
 .debug_info    0x0000000000005f60      0xafd build/default/production/main.o

.debug_abbrev   0x0000000000000000     0x3708
 *(.debug_abbrev)
 .debug_abbrev  0x0000000000000000     0x2f80 C:/Program Files/Microchip/MPLABX/v6.05/packs/Microchip/AVR-Dx_DFP/2.2.159/xc8/avr/lib/avrxmega4/memx-const/crtavr128da48.o
 .debug_abbrev  0x0000000000002f80       0xfa build/default/production/mcc_generated_files/src/cpuint.o
 .debug_abbrev  0x000000000000307a      0x19e build/default/production/mcc_generated_files/src/tca1.o
 .debug_abbrev  0x0000000000003218       0x14 build/default/production/mcc_generated_files/src/protected_io.o
 .debug_abbrev  0x000000000000322c      0x160 build/default/production/mcc_generated_files/src/pin_manager.o
 .debug_abbrev  0x000000000000338c      0x169 build/default/production/mcc_generated_files/mcc.o
 .debug_abbrev  0x00000000000034f5       0x97 build/default/production/mcc_generated_files/device_config.o
 .debug_abbrev  0x000000000000358c      0x17c build/default/production/main.o

.debug_line     0x0000000000000000     0x1181
 *(.debug_line .debug_line.* .debug_line_end)
 .debug_line    0x0000000000000000      0x1f6 C:/Program Files/Microchip/MPLABX/v6.05/packs/Microchip/AVR-Dx_DFP/2.2.159/xc8/avr/lib/avrxmega4/memx-const/crtavr128da48.o
 .debug_line    0x00000000000001f6      0x18f build/default/production/mcc_generated_files/src/cpuint.o
 .debug_line    0x0000000000000385      0x417 build/default/production/mcc_generated_files/src/tca1.o
 .debug_line    0x000000000000079c       0x6c build/default/production/mcc_generated_files/src/protected_io.o
 .debug_line    0x0000000000000808      0x42b build/default/production/mcc_generated_files/src/pin_manager.o
 .debug_line    0x0000000000000c33      0x25d build/default/production/mcc_generated_files/mcc.o
 .debug_line    0x0000000000000e90       0xfa build/default/production/mcc_generated_files/device_config.o
 .debug_line    0x0000000000000f8a      0x1f7 build/default/production/main.o

.debug_frame    0x0000000000000000      0x408
 *(.debug_frame)
 .debug_frame   0x0000000000000000       0x24 build/default/production/mcc_generated_files/src/cpuint.o
 .debug_frame   0x0000000000000024      0x2c4 build/default/production/mcc_generated_files/src/tca1.o
 .debug_frame   0x00000000000002e8       0x88 build/default/production/mcc_generated_files/src/pin_manager.o
 .debug_frame   0x0000000000000370       0x74 build/default/production/mcc_generated_files/mcc.o
 .debug_frame   0x00000000000003e4       0x24 build/default/production/main.o

.debug_str      0x0000000000000000     0x1686
 *(.debug_str)
 .debug_str     0x0000000000000000     0x153f C:/Program Files/Microchip/MPLABX/v6.05/packs/Microchip/AVR-Dx_DFP/2.2.159/xc8/avr/lib/avrxmega4/memx-const/crtavr128da48.o
 .debug_str     0x000000000000153f       0x13 build/default/production/mcc_generated_files/src/cpuint.o
 .debug_str     0x0000000000001552       0x52 build/default/production/mcc_generated_files/src/tca1.o
 .debug_str     0x00000000000015a4       0x1c build/default/production/mcc_generated_files/src/pin_manager.o
 .debug_str     0x00000000000015c0       0x62 build/default/production/mcc_generated_files/mcc.o
 .debug_str     0x0000000000001622        0x0 build/default/production/mcc_generated_files/device_config.o
 .debug_str     0x0000000000001622       0x64 build/default/production/main.o

.debug_loc      0x0000000000000000      0x283
 *(.debug_loc)
 .debug_loc     0x0000000000000000       0x2a build/default/production/mcc_generated_files/src/cpuint.o
 .debug_loc     0x000000000000002a       0x78 build/default/production/mcc_generated_files/src/pin_manager.o
 .debug_loc     0x00000000000000a2      0x19b build/default/production/mcc_generated_files/mcc.o
 .debug_loc     0x000000000000023d       0x46 build/default/production/main.o

.debug_macinfo
 *(.debug_macinfo)

.debug_weaknames
 *(.debug_weaknames)

.debug_funcnames
 *(.debug_funcnames)

.debug_typenames
 *(.debug_typenames)

.debug_varnames
 *(.debug_varnames)

.debug_pubtypes
 *(.debug_pubtypes)

.debug_ranges   0x0000000000000000      0x160
 *(.debug_ranges)
 .debug_ranges  0x0000000000000000       0x10 build/default/production/mcc_generated_files/src/cpuint.o
 .debug_ranges  0x0000000000000010       0xd0 build/default/production/mcc_generated_files/src/tca1.o
 .debug_ranges  0x00000000000000e0       0x38 build/default/production/mcc_generated_files/src/pin_manager.o
 .debug_ranges  0x0000000000000118       0x38 build/default/production/mcc_generated_files/mcc.o
 .debug_ranges  0x0000000000000150       0x10 build/default/production/main.o

.debug_macro
 *(.debug_macro)
OUTPUT(dist/default/production/dimmingHoldIncre.X.production.elf elf32-avr)
LOAD linker stubs
LOAD data_init

.note.gnu.avr.deviceinfo
                0x0000000000000000       0x40
 .note.gnu.avr.deviceinfo
                0x0000000000000000       0x40 C:/Program Files/Microchip/MPLABX/v6.05/packs/Microchip/AVR-Dx_DFP/2.2.159/xc8/avr/lib/avrxmega4/memx-const/crtavr128da48.o

.bss.switchCount
                0x000000000080400a        0x1
 .bss.switchCount
                0x000000000080400a        0x1 build/default/production/main.o
                0x000000000080400a                switchCount

.text.PIN_MANAGER_Initialize
                0x0000000000000154      0x146
 .text.PIN_MANAGER_Initialize
                0x0000000000000154      0x146 build/default/production/mcc_generated_files/src/pin_manager.o
                0x0000000000000154                PIN_MANAGER_Initialize

.text.main      0x000000000000029a       0xba
 .text.main     0x000000000000029a       0xba build/default/production/main.o
                0x000000000000029a                main

.text.PORT_Initialize
                0x0000000000000354       0x6e
 .text.PORT_Initialize
                0x0000000000000354       0x6e build/default/production/mcc_generated_files/src/pin_manager.o
                0x0000000000000354                PORT_Initialize

.text.__vector_48
                0x00000000000003c2       0x60
 .text.__vector_48
                0x00000000000003c2       0x60 build/default/production/mcc_generated_files/src/tca1.o
                0x00000000000003c2                __vector_48

.text.__vector_49
                0x0000000000000422       0x60
 .text.__vector_49
                0x0000000000000422       0x60 build/default/production/mcc_generated_files/src/tca1.o
                0x0000000000000422                __vector_49

.text.__vector_50
                0x0000000000000482       0x60
 .text.__vector_50
                0x0000000000000482       0x60 build/default/production/mcc_generated_files/src/tca1.o
                0x0000000000000482                __vector_50

.text.__vector_46
                0x00000000000004e2       0x60
 .text.__vector_46
                0x00000000000004e2       0x60 build/default/production/mcc_generated_files/src/tca1.o
                0x00000000000004e2                __vector_46

.text.CLKCTRL_Initialize
                0x0000000000000542       0x58
 .text.CLKCTRL_Initialize
                0x0000000000000542       0x58 build/default/production/mcc_generated_files/mcc.o
                0x0000000000000542                CLKCTRL_Initialize

.text.TCA1_Initialize
                0x000000000000059a       0x42
 .text.TCA1_Initialize
                0x000000000000059a       0x42 build/default/production/mcc_generated_files/src/tca1.o
                0x000000000000059a                TCA1_Initialize

.text.SYSTEM_Initialize
                0x00000000000005dc       0x1e
 .text.SYSTEM_Initialize
                0x00000000000005dc       0x1e build/default/production/mcc_generated_files/mcc.o
                0x00000000000005dc                SYSTEM_Initialize

.text.CPUINT_Initialize
                0x00000000000005fa       0x18
 .text.CPUINT_Initialize
                0x00000000000005fa       0x18 build/default/production/mcc_generated_files/src/cpuint.o
                0x00000000000005fa                CPUINT_Initialize

.text.BOD_Initialize
                0x0000000000000612       0x18
 .text.BOD_Initialize
                0x0000000000000612       0x18 build/default/production/mcc_generated_files/mcc.o
                0x0000000000000612                BOD_Initialize

.text.exit      0x000000000000062a       0x16
 .text.exit     0x000000000000062a       0x16 c:/program files/microchip/xc8/v2.40/avr/bin/../lib/gcc/avr/5.4.0/../../../../avr/lib/avrxmega4/memx-const\libc.a(exit.o)
                0x000000000000062a                exit

.text.SLPCTRL_Initialize
                0x0000000000000640       0x10
 .text.SLPCTRL_Initialize
                0x0000000000000640       0x10 build/default/production/mcc_generated_files/mcc.o
                0x0000000000000640                SLPCTRL_Initialize

.text.WDT_Initialize
                0x0000000000000650       0x10
 .text.WDT_Initialize
                0x0000000000000650       0x10 build/default/production/mcc_generated_files/mcc.o
                0x0000000000000650                WDT_Initialize

.text.__vector_2
                0x0000000000000660        0xc
 .text.__vector_2
                0x0000000000000660        0xc build/default/production/mcc_generated_files/mcc.o
                0x0000000000000660                __vector_2

.text.protected_write_io
                0x000000000000066c        0xa
 .text.protected_write_io
                0x000000000000066c        0xa build/default/production/mcc_generated_files/src/protected_io.o
                0x000000000000066c                protected_write_io

.text           0x0000000000000676        0x4
 .text          0x0000000000000676        0x4 C:/Program Files/Microchip/MPLABX/v6.05/packs/Microchip/AVR-Dx_DFP/2.2.159/xc8/avr/lib/avrxmega4/memx-const/crtavr128da48.o
                0x0000000000000676                __vector_38
                0x0000000000000676                __vector_22
                0x0000000000000676                __vector_28
                0x0000000000000676                __vector_1
                0x0000000000000676                __vector_32
                0x0000000000000676                __vector_34
                0x0000000000000676                __vector_24
                0x0000000000000676                __vector_12
                0x0000000000000676                __vector_55
                0x0000000000000676                __bad_interrupt
                0x0000000000000676                __vector_6
                0x0000000000000676                __vector_31
                0x0000000000000676                __vector_35
                0x0000000000000676                __vector_39
                0x0000000000000676                __vector_3
                0x0000000000000676                __vector_23
                0x0000000000000676                __vector_30
                0x0000000000000676                __vector_45
                0x0000000000000676                __vector_25
                0x0000000000000676                __vector_11
                0x0000000000000676                __vector_54
                0x0000000000000676                __vector_13
                0x0000000000000676                __vector_17
                0x0000000000000676                __vector_19
                0x0000000000000676                __vector_56
                0x0000000000000676                __vector_7
                0x0000000000000676                __vector_41
                0x0000000000000676                __vector_43
                0x0000000000000676                __vector_27
                0x0000000000000676                __vector_5
                0x0000000000000676                __vector_33
                0x0000000000000676                __vector_47
                0x0000000000000676                __vector_52
                0x0000000000000676                __vector_37
                0x0000000000000676                __vector_4
                0x0000000000000676                __vector_44
                0x0000000000000676                __vector_51
                0x0000000000000676                __vector_9
                0x0000000000000676                __vector_21
                0x0000000000000676                __vector_15
                0x0000000000000676                __vector_36
                0x0000000000000676                __vector_29
                0x0000000000000676                __vector_40
                0x0000000000000676                __vector_8
                0x0000000000000676                __vector_26
                0x0000000000000676                __vector_14
                0x0000000000000676                __vector_57
                0x0000000000000676                __vector_53
                0x0000000000000676                __vector_10
                0x0000000000000676                __vector_16
                0x0000000000000676                __vector_18
                0x0000000000000676                __vector_20
                0x0000000000000676                __vector_42

.text._Exit     0x000000000000067a        0x4
 .text._Exit    0x000000000000067a        0x4 c:/program files/microchip/xc8/v2.40/avr/bin/../lib/gcc/avr/5.4.0/../../../../avr/lib/avrxmega4/memx-const\libc.a(_Exit.o)
                0x000000000000067a                _Exit

.text.TCA1_DefaultCMP0IsrCallback
                0x000000000000067e        0x2
 .text.TCA1_DefaultCMP0IsrCallback
                0x000000000000067e        0x2 build/default/production/mcc_generated_files/src/tca1.o
                0x000000000000067e                TCA1_DefaultCMP0IsrCallback

.text.TCA1_DefaultCMP1IsrCallback
                0x0000000000000680        0x2
 .text.TCA1_DefaultCMP1IsrCallback
                0x0000000000000680        0x2 build/default/production/mcc_generated_files/src/tca1.o
                0x0000000000000680                TCA1_DefaultCMP1IsrCallback

.text.TCA1_DefaultCMP2IsrCallback
                0x0000000000000682        0x2
 .text.TCA1_DefaultCMP2IsrCallback
                0x0000000000000682        0x2 build/default/production/mcc_generated_files/src/tca1.o
                0x0000000000000682                TCA1_DefaultCMP2IsrCallback

.text.TCA1_DefaultOVFIsrCallback
                0x0000000000000684        0x2
 .text.TCA1_DefaultOVFIsrCallback
                0x0000000000000684        0x2 build/default/production/mcc_generated_files/src/tca1.o
                0x0000000000000684                TCA1_DefaultOVFIsrCallback

.text.__dummy_fini
                0x0000000000000686        0x2
 .text.__dummy_fini
                0x0000000000000686        0x2 c:/program files/microchip/xc8/v2.40/avr/bin/../lib/gcc/avr/5.4.0/../../../../avr/lib/avrxmega4/memx-const\libc.a(exit.o)
                0x0000000000000686                _fini

.text.__dummy_funcs_on_exit
                0x0000000000000688        0x2
 .text.__dummy_funcs_on_exit
                0x0000000000000688        0x2 c:/program files/microchip/xc8/v2.40/avr/bin/../lib/gcc/avr/5.4.0/../../../../avr/lib/avrxmega4/memx-const\libc.a(exit.o)
                0x0000000000000688                __funcs_on_exit

.text.__dummy_simulator_exit
                0x000000000000068a        0x2
 .text.__dummy_simulator_exit
                0x000000000000068a        0x2 c:/program files/microchip/xc8/v2.40/avr/bin/../lib/gcc/avr/5.4.0/../../../../avr/lib/avrxmega4/memx-const\libc.a(exit.o)
                0x000000000000068a                __simulator_exit

.data.TCA1_OVF_isr_cb
                0x0000000000804000        0x2 load address 0x000000000000068c
 .data.TCA1_OVF_isr_cb
                0x0000000000804000        0x2 build/default/production/mcc_generated_files/src/tca1.o
                0x0000000000804000                TCA1_OVF_isr_cb

.data.TCA1_CMP2_isr_cb
                0x0000000000804002        0x2 load address 0x000000000000068e
 .data.TCA1_CMP2_isr_cb
                0x0000000000804002        0x2 build/default/production/mcc_generated_files/src/tca1.o
                0x0000000000804002                TCA1_CMP2_isr_cb

.data.TCA1_CMP1_isr_cb
                0x0000000000804004        0x2 load address 0x0000000000000690
 .data.TCA1_CMP1_isr_cb
                0x0000000000804004        0x2 build/default/production/mcc_generated_files/src/tca1.o
                0x0000000000804004                TCA1_CMP1_isr_cb

.data.TCA1_CMP0_isr_cb
                0x0000000000804006        0x2 load address 0x0000000000000692
 .data.TCA1_CMP0_isr_cb
                0x0000000000804006        0x2 build/default/production/mcc_generated_files/src/tca1.o
                0x0000000000804006                TCA1_CMP0_isr_cb

.data.dutyCycle
                0x0000000000804008        0x2 load address 0x0000000000000694
 .data.dutyCycle
                0x0000000000804008        0x2 build/default/production/main.o
                0x0000000000804008                dutyCycle

.data.inc_dec_flag
                0x000000000080400b        0x1 load address 0x0000000000000696
 .data.inc_dec_flag
                0x000000000080400b        0x1 build/default/production/main.o
                0x000000000080400b                inc_dec_flag

.data.switchPrevState
                0x000000000080400c        0x1 load address 0x0000000000000697
 .data.switchPrevState
                0x000000000080400c        0x1 build/default/production/main.o
                0x000000000080400c                switchPrevState

.data.switchState
                0x000000000080400d        0x1 load address 0x0000000000000698
 .data.switchState
                0x000000000080400d        0x1 build/default/production/main.o
                0x000000000080400d                switchState
